
> next-commerce-community@0.1.0 test
> jest src/components/Checkout/__tests__/AddressFormModal.test.tsx

  console.log
    Street changed: 123 Main St

      at log (src/components/Checkout/AddressFormModal.tsx:136:25)

  console.log
    State changed: Maharashtra

      at log (src/components/Checkout/AddressFormModal.tsx:168:27)

  console.log
    Street changed: Test Street

      at log (src/components/Checkout/AddressFormModal.tsx:136:25)

  console.log
    Street changed: 123 Main St

      at log (src/components/Checkout/AddressFormModal.tsx:136:25)

  console.log
    State changed: Maharashtra

      at log (src/components/Checkout/AddressFormModal.tsx:168:27)

  console.error
    handleSubmit called with: {
      street: '123 Main St',
      city: 'Mumbai',
      state: 'Maharashtra',
      zip: '400001',
      isDefault: false
    }

      47 |   const handleSubmit = async (e: React.FormEvent) => {
      48 |     e.preventDefault();
    > 49 |     console.error('handleSubmit called with:', formData);
         |             ^
      50 |
      51 |     if (!formData.street || !formData.city || !formData.state || !formData.zip) {
      52 |       console.error('Validation failed');

      at error (src/components/Checkout/AddressFormModal.tsx:49:13)
      at HTMLUnknownElement.callCallback (node_modules/react-dom/cjs/react-dom.development.js:4164:14)
      at HTMLUnknownElement.callTheUserObjectsOperation (node_modules/jsdom/lib/jsdom/living/generated/EventListener.js:26:30)
      at innerInvokeEventListeners (node_modules/jsdom/lib/jsdom/living/events/EventTarget-impl.js:350:25)
      at invokeEventListeners (node_modules/jsdom/lib/jsdom/living/events/EventTarget-impl.js:286:3)
      at HTMLUnknownElementImpl._dispatch (node_modules/jsdom/lib/jsdom/living/events/EventTarget-impl.js:233:9)
      at HTMLUnknownElementImpl.dispatchEvent (node_modules/jsdom/lib/jsdom/living/events/EventTarget-impl.js:104:17)
      at HTMLUnknownElement.dispatchEvent (node_modules/jsdom/lib/jsdom/living/generated/EventTarget.js:241:34)
      at Object.invokeGuardedCallbackDev (node_modules/react-dom/cjs/react-dom.development.js:4213:16)
      at invokeGuardedCallback (node_modules/react-dom/cjs/react-dom.development.js:4277:31)
      at invokeGuardedCallbackAndCatchFirstError (node_modules/react-dom/cjs/react-dom.development.js:4291:25)
      at executeDispatch (node_modules/react-dom/cjs/react-dom.development.js:9041:3)
      at processDispatchQueueItemsInOrder (node_modules/react-dom/cjs/react-dom.development.js:9073:7)
      at processDispatchQueue (node_modules/react-dom/cjs/react-dom.development.js:9086:5)
      at dispatchEventsForPlugins (node_modules/react-dom/cjs/react-dom.development.js:9097:3)
      at node_modules/react-dom/cjs/react-dom.development.js:9288:12
      at batchedUpdates$1 (node_modules/react-dom/cjs/react-dom.development.js:26179:12)
      at batchedUpdates (node_modules/react-dom/cjs/react-dom.development.js:3991:12)
      at dispatchEventForPluginEventSystem (node_modules/react-dom/cjs/react-dom.development.js:9287:3)
      at dispatchEventWithEnableCapturePhaseSelectiveHydrationWithoutDiscreteEventReplay (node_modules/react-dom/cjs/react-dom.development.js:6465:5)
      at dispatchEvent (node_modules/react-dom/cjs/react-dom.development.js:6457:5)
      at dispatchDiscreteEvent (node_modules/react-dom/cjs/react-dom.development.js:6430:5)
      at HTMLDivElement.callTheUserObjectsOperation (node_modules/jsdom/lib/jsdom/living/generated/EventListener.js:26:30)
      at innerInvokeEventListeners (node_modules/jsdom/lib/jsdom/living/events/EventTarget-impl.js:350:25)
      at invokeEventListeners (node_modules/jsdom/lib/jsdom/living/events/EventTarget-impl.js:286:3)
      at HTMLFormElementImpl._dispatch (node_modules/jsdom/lib/jsdom/living/events/EventTarget-impl.js:233:9)
      at HTMLFormElementImpl.dispatchEvent (node_modules/jsdom/lib/jsdom/living/events/EventTarget-impl.js:104:17)
      at HTMLFormElement.dispatchEvent (node_modules/jsdom/lib/jsdom/living/generated/EventTarget.js:241:34)
      at node_modules/@testing-library/dom/dist/events.js:19:20
      at node_modules/@testing-library/react/dist/pure.js:108:16
      at node_modules/@testing-library/react/dist/act-compat.js:48:24
      at act (node_modules/react/cjs/react.development.js:2512:16)
      at node_modules/@testing-library/react/dist/act-compat.js:47:25
      at Object.eventWrapper (node_modules/@testing-library/react/dist/pure.js:107:28)
      at fireEvent (node_modules/@testing-library/dom/dist/events.js:12:35)
      at Function.fireEvent.<computed> [as submit] (node_modules/@testing-library/dom/dist/events.js:110:36)
      at Function.fireEvent.<computed> [as submit] (node_modules/@testing-library/react/dist/fire-event.js:15:52)
      at Object.submit (src/components/Checkout/__tests__/AddressFormModal.test.tsx:250:17)

  console.error
    API response: { success: true, address: { id: '123' } }

      69 |
      70 |       const data = await response.json();
    > 71 |       console.error('API response:', data);
         |               ^
      72 |
      73 |       if (response.ok) {
      74 |         toast.success("Address added successfully!");

      at error (src/components/Checkout/AddressFormModal.tsx:71:15)

  console.log
    Street changed: 123 Main St

      at log (src/components/Checkout/AddressFormModal.tsx:136:25)

  console.log
    State changed: Maharashtra

      at log (src/components/Checkout/AddressFormModal.tsx:168:27)

  console.error
    handleSubmit called with: {
      street: '123 Main St',
      city: 'Mumbai',
      state: 'Maharashtra',
      zip: '400001',
      isDefault: false
    }

      47 |   const handleSubmit = async (e: React.FormEvent) => {
      48 |     e.preventDefault();
    > 49 |     console.error('handleSubmit called with:', formData);
         |             ^
      50 |
      51 |     if (!formData.street || !formData.city || !formData.state || !formData.zip) {
      52 |       console.error('Validation failed');

      at error (src/components/Checkout/AddressFormModal.tsx:49:13)
      at HTMLUnknownElement.callCallback (node_modules/react-dom/cjs/react-dom.development.js:4164:14)
      at HTMLUnknownElement.callTheUserObjectsOperation (node_modules/jsdom/lib/jsdom/living/generated/EventListener.js:26:30)
      at innerInvokeEventListeners (node_modules/jsdom/lib/jsdom/living/events/EventTarget-impl.js:350:25)
      at invokeEventListeners (node_modules/jsdom/lib/jsdom/living/events/EventTarget-impl.js:286:3)
      at HTMLUnknownElementImpl._dispatch (node_modules/jsdom/lib/jsdom/living/events/EventTarget-impl.js:233:9)
      at HTMLUnknownElementImpl.dispatchEvent (node_modules/jsdom/lib/jsdom/living/events/EventTarget-impl.js:104:17)
      at HTMLUnknownElement.dispatchEvent (node_modules/jsdom/lib/jsdom/living/generated/EventTarget.js:241:34)
      at Object.invokeGuardedCallbackDev (node_modules/react-dom/cjs/react-dom.development.js:4213:16)
      at invokeGuardedCallback (node_modules/react-dom/cjs/react-dom.development.js:4277:31)
      at invokeGuardedCallbackAndCatchFirstError (node_modules/react-dom/cjs/react-dom.development.js:4291:25)
      at executeDispatch (node_modules/react-dom/cjs/react-dom.development.js:9041:3)
      at processDispatchQueueItemsInOrder (node_modules/react-dom/cjs/react-dom.development.js:9073:7)
      at processDispatchQueue (node_modules/react-dom/cjs/react-dom.development.js:9086:5)
      at dispatchEventsForPlugins (node_modules/react-dom/cjs/react-dom.development.js:9097:3)
      at node_modules/react-dom/cjs/react-dom.development.js:9288:12
      at batchedUpdates$1 (node_modules/react-dom/cjs/react-dom.development.js:26179:12)
      at batchedUpdates (node_modules/react-dom/cjs/react-dom.development.js:3991:12)
      at dispatchEventForPluginEventSystem (node_modules/react-dom/cjs/react-dom.development.js:9287:3)
      at dispatchEventWithEnableCapturePhaseSelectiveHydrationWithoutDiscreteEventReplay (node_modules/react-dom/cjs/react-dom.development.js:6465:5)
      at dispatchEvent (node_modules/react-dom/cjs/react-dom.development.js:6457:5)
      at dispatchDiscreteEvent (node_modules/react-dom/cjs/react-dom.development.js:6430:5)
      at HTMLDivElement.callTheUserObjectsOperation (node_modules/jsdom/lib/jsdom/living/generated/EventListener.js:26:30)
      at innerInvokeEventListeners (node_modules/jsdom/lib/jsdom/living/events/EventTarget-impl.js:350:25)
      at invokeEventListeners (node_modules/jsdom/lib/jsdom/living/events/EventTarget-impl.js:286:3)
      at HTMLFormElementImpl._dispatch (node_modules/jsdom/lib/jsdom/living/events/EventTarget-impl.js:233:9)
      at HTMLFormElementImpl.dispatchEvent (node_modules/jsdom/lib/jsdom/living/events/EventTarget-impl.js:104:17)
      at HTMLFormElement.dispatchEvent (node_modules/jsdom/lib/jsdom/living/generated/EventTarget.js:241:34)
      at node_modules/@testing-library/dom/dist/events.js:19:20
      at node_modules/@testing-library/react/dist/pure.js:108:16
      at node_modules/@testing-library/react/dist/act-compat.js:48:24
      at act (node_modules/react/cjs/react.development.js:2512:16)
      at node_modules/@testing-library/react/dist/act-compat.js:47:25
      at Object.eventWrapper (node_modules/@testing-library/react/dist/pure.js:107:28)
      at fireEvent (node_modules/@testing-library/dom/dist/events.js:12:35)
      at Function.fireEvent.<computed> [as submit] (node_modules/@testing-library/dom/dist/events.js:110:36)
      at Function.fireEvent.<computed> [as submit] (node_modules/@testing-library/react/dist/fire-event.js:15:52)
      at Object.submit (src/components/Checkout/__tests__/AddressFormModal.test.tsx:301:17)

  console.error
    API response: { error: 'Maximum 5 addresses allowed', code: 'ADDRESS_LIMIT_REACHED' }

      69 |
      70 |       const data = await response.json();
    > 71 |       console.error('API response:', data);
         |               ^
      72 |
      73 |       if (response.ok) {
      74 |         toast.success("Address added successfully!");

      at error (src/components/Checkout/AddressFormModal.tsx:71:15)

  console.error
    Handling ADDRESS_LIMIT_REACHED

      87 |         // Handle specific error codes
      88 |         if (data.code === 'ADDRESS_LIMIT_REACHED') {
    > 89 |           console.error('Handling ADDRESS_LIMIT_REACHED');
         |                   ^
      90 |           toast.error(
      91 |             `${data.error}\n\nManage your addresses to delete one before adding new.`,
      92 |             { duration: 6000 }

      at error (src/components/Checkout/AddressFormModal.tsx:89:19)

  console.log
    Street changed: 123 Main St

      at log (src/components/Checkout/AddressFormModal.tsx:136:25)

  console.log
    State changed: Maharashtra

      at log (src/components/Checkout/AddressFormModal.tsx:168:27)

  console.error
    handleSubmit called with: {
      street: '123 Main St',
      city: 'Mumbai',
      state: 'Maharashtra',
      zip: '400001',
      isDefault: false
    }

      47 |   const handleSubmit = async (e: React.FormEvent) => {
      48 |     e.preventDefault();
    > 49 |     console.error('handleSubmit called with:', formData);
         |             ^
      50 |
      51 |     if (!formData.street || !formData.city || !formData.state || !formData.zip) {
      52 |       console.error('Validation failed');

      at error (src/components/Checkout/AddressFormModal.tsx:49:13)
      at HTMLUnknownElement.callCallback (node_modules/react-dom/cjs/react-dom.development.js:4164:14)
      at HTMLUnknownElement.callTheUserObjectsOperation (node_modules/jsdom/lib/jsdom/living/generated/EventListener.js:26:30)
      at innerInvokeEventListeners (node_modules/jsdom/lib/jsdom/living/events/EventTarget-impl.js:350:25)
      at invokeEventListeners (node_modules/jsdom/lib/jsdom/living/events/EventTarget-impl.js:286:3)
      at HTMLUnknownElementImpl._dispatch (node_modules/jsdom/lib/jsdom/living/events/EventTarget-impl.js:233:9)
      at HTMLUnknownElementImpl.dispatchEvent (node_modules/jsdom/lib/jsdom/living/events/EventTarget-impl.js:104:17)
      at HTMLUnknownElement.dispatchEvent (node_modules/jsdom/lib/jsdom/living/generated/EventTarget.js:241:34)
      at Object.invokeGuardedCallbackDev (node_modules/react-dom/cjs/react-dom.development.js:4213:16)
      at invokeGuardedCallback (node_modules/react-dom/cjs/react-dom.development.js:4277:31)
      at invokeGuardedCallbackAndCatchFirstError (node_modules/react-dom/cjs/react-dom.development.js:4291:25)
      at executeDispatch (node_modules/react-dom/cjs/react-dom.development.js:9041:3)
      at processDispatchQueueItemsInOrder (node_modules/react-dom/cjs/react-dom.development.js:9073:7)
      at processDispatchQueue (node_modules/react-dom/cjs/react-dom.development.js:9086:5)
      at dispatchEventsForPlugins (node_modules/react-dom/cjs/react-dom.development.js:9097:3)
      at node_modules/react-dom/cjs/react-dom.development.js:9288:12
      at batchedUpdates$1 (node_modules/react-dom/cjs/react-dom.development.js:26179:12)
      at batchedUpdates (node_modules/react-dom/cjs/react-dom.development.js:3991:12)
      at dispatchEventForPluginEventSystem (node_modules/react-dom/cjs/react-dom.development.js:9287:3)
      at dispatchEventWithEnableCapturePhaseSelectiveHydrationWithoutDiscreteEventReplay (node_modules/react-dom/cjs/react-dom.development.js:6465:5)
      at dispatchEvent (node_modules/react-dom/cjs/react-dom.development.js:6457:5)
      at dispatchDiscreteEvent (node_modules/react-dom/cjs/react-dom.development.js:6430:5)
      at HTMLDivElement.callTheUserObjectsOperation (node_modules/jsdom/lib/jsdom/living/generated/EventListener.js:26:30)
      at innerInvokeEventListeners (node_modules/jsdom/lib/jsdom/living/events/EventTarget-impl.js:350:25)
      at invokeEventListeners (node_modules/jsdom/lib/jsdom/living/events/EventTarget-impl.js:286:3)
      at HTMLFormElementImpl._dispatch (node_modules/jsdom/lib/jsdom/living/events/EventTarget-impl.js:233:9)
      at HTMLFormElementImpl.dispatchEvent (node_modules/jsdom/lib/jsdom/living/events/EventTarget-impl.js:104:17)
      at HTMLFormElement.dispatchEvent (node_modules/jsdom/lib/jsdom/living/generated/EventTarget.js:241:34)
      at node_modules/@testing-library/dom/dist/events.js:19:20
      at node_modules/@testing-library/react/dist/pure.js:108:16
      at node_modules/@testing-library/react/dist/act-compat.js:48:24
      at act (node_modules/react/cjs/react.development.js:2512:16)
      at node_modules/@testing-library/react/dist/act-compat.js:47:25
      at Object.eventWrapper (node_modules/@testing-library/react/dist/pure.js:107:28)
      at fireEvent (node_modules/@testing-library/dom/dist/events.js:12:35)
      at Function.fireEvent.<computed> [as submit] (node_modules/@testing-library/dom/dist/events.js:110:36)
      at Function.fireEvent.<computed> [as submit] (node_modules/@testing-library/react/dist/fire-event.js:15:52)
      at Object.submit (src/components/Checkout/__tests__/AddressFormModal.test.tsx:331:17)

  console.error
    Error adding address: Error: Network error
        at Object.<anonymous> (/Users/kataria/projects/mushmush-website/src/components/Checkout/__tests__/AddressFormModal.test.tsx:312:57)
        at Promise.then.completed (/Users/kataria/projects/mushmush-website/node_modules/jest-circus/build/utils.js:298:28)
        at new Promise (<anonymous>)
        at callAsyncCircusFn (/Users/kataria/projects/mushmush-website/node_modules/jest-circus/build/utils.js:231:10)
        at _callCircusTest (/Users/kataria/projects/mushmush-website/node_modules/jest-circus/build/run.js:316:40)
        at _runTest (/Users/kataria/projects/mushmush-website/node_modules/jest-circus/build/run.js:252:3)
        at _runTestsForDescribeBlock (/Users/kataria/projects/mushmush-website/node_modules/jest-circus/build/run.js:126:9)
        at _runTestsForDescribeBlock (/Users/kataria/projects/mushmush-website/node_modules/jest-circus/build/run.js:121:9)
        at _runTestsForDescribeBlock (/Users/kataria/projects/mushmush-website/node_modules/jest-circus/build/run.js:121:9)
        at run (/Users/kataria/projects/mushmush-website/node_modules/jest-circus/build/run.js:71:3)
        at runAndTransformResultsToJestFormat (/Users/kataria/projects/mushmush-website/node_modules/jest-circus/build/legacy-code-todo-rewrite/jestAdapterInit.js:122:21)
        at jestAdapter (/Users/kataria/projects/mushmush-website/node_modules/jest-circus/build/legacy-code-todo-rewrite/jestAdapter.js:79:19)
        at runTestInternal (/Users/kataria/projects/mushmush-website/node_modules/jest-runner/build/runTest.js:367:16)
        at runTest (/Users/kataria/projects/mushmush-website/node_modules/jest-runner/build/runTest.js:444:34)

       99 |       }
      100 |     } catch (error) {
    > 101 |       console.error("Error adding address:", error);
          |               ^
      102 |       toast.error("Failed to add address");
      103 |     } finally {
      104 |       setLoading(false);

      at error (src/components/Checkout/AddressFormModal.tsx:101:15)

  console.error
    Body before render:

      337 |
      338 |     it('should display error for empty fields', async () => {
    > 339 |       console.error('Body before render:', document.body.innerHTML);
          |               ^
      340 |       render(
      341 |         <AddressFormModal
      342 |           key="empty-fields"

      at Object.error (src/components/Checkout/__tests__/AddressFormModal.test.tsx:339:15)

  console.error
    handleSubmit called with: { street: '', city: '', state: '', zip: '', isDefault: false }

      47 |   const handleSubmit = async (e: React.FormEvent) => {
      48 |     e.preventDefault();
    > 49 |     console.error('handleSubmit called with:', formData);
         |             ^
      50 |
      51 |     if (!formData.street || !formData.city || !formData.state || !formData.zip) {
      52 |       console.error('Validation failed');

      at error (src/components/Checkout/AddressFormModal.tsx:49:13)
      at HTMLUnknownElement.callCallback (node_modules/react-dom/cjs/react-dom.development.js:4164:14)
      at HTMLUnknownElement.callTheUserObjectsOperation (node_modules/jsdom/lib/jsdom/living/generated/EventListener.js:26:30)
      at innerInvokeEventListeners (node_modules/jsdom/lib/jsdom/living/events/EventTarget-impl.js:350:25)
      at invokeEventListeners (node_modules/jsdom/lib/jsdom/living/events/EventTarget-impl.js:286:3)
      at HTMLUnknownElementImpl._dispatch (node_modules/jsdom/lib/jsdom/living/events/EventTarget-impl.js:233:9)
      at HTMLUnknownElementImpl.dispatchEvent (node_modules/jsdom/lib/jsdom/living/events/EventTarget-impl.js:104:17)
      at HTMLUnknownElement.dispatchEvent (node_modules/jsdom/lib/jsdom/living/generated/EventTarget.js:241:34)
      at Object.invokeGuardedCallbackDev (node_modules/react-dom/cjs/react-dom.development.js:4213:16)
      at invokeGuardedCallback (node_modules/react-dom/cjs/react-dom.development.js:4277:31)
      at invokeGuardedCallbackAndCatchFirstError (node_modules/react-dom/cjs/react-dom.development.js:4291:25)
      at executeDispatch (node_modules/react-dom/cjs/react-dom.development.js:9041:3)
      at processDispatchQueueItemsInOrder (node_modules/react-dom/cjs/react-dom.development.js:9073:7)
      at processDispatchQueue (node_modules/react-dom/cjs/react-dom.development.js:9086:5)
      at dispatchEventsForPlugins (node_modules/react-dom/cjs/react-dom.development.js:9097:3)
      at node_modules/react-dom/cjs/react-dom.development.js:9288:12
      at batchedUpdates$1 (node_modules/react-dom/cjs/react-dom.development.js:26179:12)
      at batchedUpdates (node_modules/react-dom/cjs/react-dom.development.js:3991:12)
      at dispatchEventForPluginEventSystem (node_modules/react-dom/cjs/react-dom.development.js:9287:3)
      at dispatchEventWithEnableCapturePhaseSelectiveHydrationWithoutDiscreteEventReplay (node_modules/react-dom/cjs/react-dom.development.js:6465:5)
      at dispatchEvent (node_modules/react-dom/cjs/react-dom.development.js:6457:5)
      at dispatchDiscreteEvent (node_modules/react-dom/cjs/react-dom.development.js:6430:5)
      at HTMLDivElement.callTheUserObjectsOperation (node_modules/jsdom/lib/jsdom/living/generated/EventListener.js:26:30)
      at innerInvokeEventListeners (node_modules/jsdom/lib/jsdom/living/events/EventTarget-impl.js:350:25)
      at invokeEventListeners (node_modules/jsdom/lib/jsdom/living/events/EventTarget-impl.js:286:3)
      at HTMLFormElementImpl._dispatch (node_modules/jsdom/lib/jsdom/living/events/EventTarget-impl.js:233:9)
      at HTMLFormElementImpl.dispatchEvent (node_modules/jsdom/lib/jsdom/living/events/EventTarget-impl.js:104:17)
      at HTMLFormElement.dispatchEvent (node_modules/jsdom/lib/jsdom/living/generated/EventTarget.js:241:34)
      at node_modules/@testing-library/dom/dist/events.js:19:20
      at node_modules/@testing-library/react/dist/pure.js:108:16
      at node_modules/@testing-library/react/dist/act-compat.js:48:24
      at act (node_modules/react/cjs/react.development.js:2512:16)
      at node_modules/@testing-library/react/dist/act-compat.js:47:25
      at Object.eventWrapper (node_modules/@testing-library/react/dist/pure.js:107:28)
      at fireEvent (node_modules/@testing-library/dom/dist/events.js:12:35)
      at Function.fireEvent.<computed> [as submit] (node_modules/@testing-library/dom/dist/events.js:110:36)
      at Function.fireEvent.<computed> [as submit] (node_modules/@testing-library/react/dist/fire-event.js:15:52)
      at Object.submit (src/components/Checkout/__tests__/AddressFormModal.test.tsx:353:17)

  console.error
    Validation failed

      50 |
      51 |     if (!formData.street || !formData.city || !formData.state || !formData.zip) {
    > 52 |       console.error('Validation failed');
         |               ^
      53 |       toast.error("Please fill in all required fields");
      54 |       return;
      55 |     }

      at error (src/components/Checkout/AddressFormModal.tsx:52:15)
      at HTMLUnknownElement.callCallback (node_modules/react-dom/cjs/react-dom.development.js:4164:14)
      at HTMLUnknownElement.callTheUserObjectsOperation (node_modules/jsdom/lib/jsdom/living/generated/EventListener.js:26:30)
      at innerInvokeEventListeners (node_modules/jsdom/lib/jsdom/living/events/EventTarget-impl.js:350:25)
      at invokeEventListeners (node_modules/jsdom/lib/jsdom/living/events/EventTarget-impl.js:286:3)
      at HTMLUnknownElementImpl._dispatch (node_modules/jsdom/lib/jsdom/living/events/EventTarget-impl.js:233:9)
      at HTMLUnknownElementImpl.dispatchEvent (node_modules/jsdom/lib/jsdom/living/events/EventTarget-impl.js:104:17)
      at HTMLUnknownElement.dispatchEvent (node_modules/jsdom/lib/jsdom/living/generated/EventTarget.js:241:34)
      at Object.invokeGuardedCallbackDev (node_modules/react-dom/cjs/react-dom.development.js:4213:16)
      at invokeGuardedCallback (node_modules/react-dom/cjs/react-dom.development.js:4277:31)
      at invokeGuardedCallbackAndCatchFirstError (node_modules/react-dom/cjs/react-dom.development.js:4291:25)
      at executeDispatch (node_modules/react-dom/cjs/react-dom.development.js:9041:3)
      at processDispatchQueueItemsInOrder (node_modules/react-dom/cjs/react-dom.development.js:9073:7)
      at processDispatchQueue (node_modules/react-dom/cjs/react-dom.development.js:9086:5)
      at dispatchEventsForPlugins (node_modules/react-dom/cjs/react-dom.development.js:9097:3)
      at node_modules/react-dom/cjs/react-dom.development.js:9288:12
      at batchedUpdates$1 (node_modules/react-dom/cjs/react-dom.development.js:26179:12)
      at batchedUpdates (node_modules/react-dom/cjs/react-dom.development.js:3991:12)
      at dispatchEventForPluginEventSystem (node_modules/react-dom/cjs/react-dom.development.js:9287:3)
      at dispatchEventWithEnableCapturePhaseSelectiveHydrationWithoutDiscreteEventReplay (node_modules/react-dom/cjs/react-dom.development.js:6465:5)
      at dispatchEvent (node_modules/react-dom/cjs/react-dom.development.js:6457:5)
      at dispatchDiscreteEvent (node_modules/react-dom/cjs/react-dom.development.js:6430:5)
      at HTMLDivElement.callTheUserObjectsOperation (node_modules/jsdom/lib/jsdom/living/generated/EventListener.js:26:30)
      at innerInvokeEventListeners (node_modules/jsdom/lib/jsdom/living/events/EventTarget-impl.js:350:25)
      at invokeEventListeners (node_modules/jsdom/lib/jsdom/living/events/EventTarget-impl.js:286:3)
      at HTMLFormElementImpl._dispatch (node_modules/jsdom/lib/jsdom/living/events/EventTarget-impl.js:233:9)
      at HTMLFormElementImpl.dispatchEvent (node_modules/jsdom/lib/jsdom/living/events/EventTarget-impl.js:104:17)
      at HTMLFormElement.dispatchEvent (node_modules/jsdom/lib/jsdom/living/generated/EventTarget.js:241:34)
      at node_modules/@testing-library/dom/dist/events.js:19:20
      at node_modules/@testing-library/react/dist/pure.js:108:16
      at node_modules/@testing-library/react/dist/act-compat.js:48:24
      at act (node_modules/react/cjs/react.development.js:2512:16)
      at node_modules/@testing-library/react/dist/act-compat.js:47:25
      at Object.eventWrapper (node_modules/@testing-library/react/dist/pure.js:107:28)
      at fireEvent (node_modules/@testing-library/dom/dist/events.js:12:35)
      at Function.fireEvent.<computed> [as submit] (node_modules/@testing-library/dom/dist/events.js:110:36)
      at Function.fireEvent.<computed> [as submit] (node_modules/@testing-library/react/dist/fire-event.js:15:52)
      at Object.submit (src/components/Checkout/__tests__/AddressFormModal.test.tsx:353:17)

  console.log
    Street changed: 123 Main St

      at log (src/components/Checkout/AddressFormModal.tsx:136:25)

  console.log
    State changed: Maharashtra

      at log (src/components/Checkout/AddressFormModal.tsx:168:27)

  console.error
    handleSubmit called with: {
      street: '123 Main St',
      city: 'Mumbai',
      state: 'Maharashtra',
      zip: '400001',
      isDefault: true
    }

      47 |   const handleSubmit = async (e: React.FormEvent) => {
      48 |     e.preventDefault();
    > 49 |     console.error('handleSubmit called with:', formData);
         |             ^
      50 |
      51 |     if (!formData.street || !formData.city || !formData.state || !formData.zip) {
      52 |       console.error('Validation failed');

      at error (src/components/Checkout/AddressFormModal.tsx:49:13)
      at HTMLUnknownElement.callCallback (node_modules/react-dom/cjs/react-dom.development.js:4164:14)
      at HTMLUnknownElement.callTheUserObjectsOperation (node_modules/jsdom/lib/jsdom/living/generated/EventListener.js:26:30)
      at innerInvokeEventListeners (node_modules/jsdom/lib/jsdom/living/events/EventTarget-impl.js:350:25)
      at invokeEventListeners (node_modules/jsdom/lib/jsdom/living/events/EventTarget-impl.js:286:3)
      at HTMLUnknownElementImpl._dispatch (node_modules/jsdom/lib/jsdom/living/events/EventTarget-impl.js:233:9)
      at HTMLUnknownElementImpl.dispatchEvent (node_modules/jsdom/lib/jsdom/living/events/EventTarget-impl.js:104:17)
      at HTMLUnknownElement.dispatchEvent (node_modules/jsdom/lib/jsdom/living/generated/EventTarget.js:241:34)
      at Object.invokeGuardedCallbackDev (node_modules/react-dom/cjs/react-dom.development.js:4213:16)
      at invokeGuardedCallback (node_modules/react-dom/cjs/react-dom.development.js:4277:31)
      at invokeGuardedCallbackAndCatchFirstError (node_modules/react-dom/cjs/react-dom.development.js:4291:25)
      at executeDispatch (node_modules/react-dom/cjs/react-dom.development.js:9041:3)
      at processDispatchQueueItemsInOrder (node_modules/react-dom/cjs/react-dom.development.js:9073:7)
      at processDispatchQueue (node_modules/react-dom/cjs/react-dom.development.js:9086:5)
      at dispatchEventsForPlugins (node_modules/react-dom/cjs/react-dom.development.js:9097:3)
      at node_modules/react-dom/cjs/react-dom.development.js:9288:12
      at batchedUpdates$1 (node_modules/react-dom/cjs/react-dom.development.js:26179:12)
      at batchedUpdates (node_modules/react-dom/cjs/react-dom.development.js:3991:12)
      at dispatchEventForPluginEventSystem (node_modules/react-dom/cjs/react-dom.development.js:9287:3)
      at dispatchEventWithEnableCapturePhaseSelectiveHydrationWithoutDiscreteEventReplay (node_modules/react-dom/cjs/react-dom.development.js:6465:5)
      at dispatchEvent (node_modules/react-dom/cjs/react-dom.development.js:6457:5)
      at dispatchDiscreteEvent (node_modules/react-dom/cjs/react-dom.development.js:6430:5)
      at HTMLDivElement.callTheUserObjectsOperation (node_modules/jsdom/lib/jsdom/living/generated/EventListener.js:26:30)
      at innerInvokeEventListeners (node_modules/jsdom/lib/jsdom/living/events/EventTarget-impl.js:350:25)
      at invokeEventListeners (node_modules/jsdom/lib/jsdom/living/events/EventTarget-impl.js:286:3)
      at HTMLFormElementImpl._dispatch (node_modules/jsdom/lib/jsdom/living/events/EventTarget-impl.js:233:9)
      at fireAnEvent (node_modules/jsdom/lib/jsdom/living/helpers/events.js:18:36)
      at HTMLFormElementImpl.requestSubmit (node_modules/jsdom/lib/jsdom/living/nodes/HTMLFormElement-impl.js:109:10)
      at HTMLFormElementImpl._doRequestSubmit (node_modules/jsdom/lib/jsdom/living/nodes/HTMLFormElement-impl.js:79:10)
      at HTMLButtonElementImpl._activationBehavior (node_modules/jsdom/lib/jsdom/living/nodes/HTMLButtonElement-impl.js:23:14)
      at HTMLButtonElementImpl._dispatch (node_modules/jsdom/lib/jsdom/living/events/EventTarget-impl.js:252:26)
      at HTMLButtonElementImpl.dispatchEvent (node_modules/jsdom/lib/jsdom/living/events/EventTarget-impl.js:104:17)
      at HTMLButtonElement.dispatchEvent (node_modules/jsdom/lib/jsdom/living/generated/EventTarget.js:241:34)
      at node_modules/@testing-library/dom/dist/events.js:19:20
      at node_modules/@testing-library/react/dist/pure.js:108:16
      at node_modules/@testing-library/react/dist/act-compat.js:48:24
      at act (node_modules/react/cjs/react.development.js:2512:16)
      at node_modules/@testing-library/react/dist/act-compat.js:47:25
      at Object.eventWrapper (node_modules/@testing-library/react/dist/pure.js:107:28)
      at fireEvent (node_modules/@testing-library/dom/dist/events.js:12:35)
      at Function.fireEvent.<computed> [as click] (node_modules/@testing-library/dom/dist/events.js:110:36)
      at Function.fireEvent.<computed> [as click] (node_modules/@testing-library/react/dist/fire-event.js:15:52)
      at Object.click (src/components/Checkout/__tests__/AddressFormModal.test.tsx:386:17)

  console.error
    API response: { success: true }

      69 |
      70 |       const data = await response.json();
    > 71 |       console.error('API response:', data);
         |               ^
      72 |
      73 |       if (response.ok) {
      74 |         toast.success("Address added successfully!");

      at error (src/components/Checkout/AddressFormModal.tsx:71:15)

  console.log
    Street changed: 123 Main St

      at log (src/components/Checkout/AddressFormModal.tsx:136:25)

  console.log
    State changed: Maharashtra

      at log (src/components/Checkout/AddressFormModal.tsx:168:27)

  console.error
    handleSubmit called with: {
      street: '123 Main St',
      city: 'Mumbai',
      state: 'Maharashtra',
      zip: '400001',
      isDefault: false
    }

      47 |   const handleSubmit = async (e: React.FormEvent) => {
      48 |     e.preventDefault();
    > 49 |     console.error('handleSubmit called with:', formData);
         |             ^
      50 |
      51 |     if (!formData.street || !formData.city || !formData.state || !formData.zip) {
      52 |       console.error('Validation failed');

      at error (src/components/Checkout/AddressFormModal.tsx:49:13)
      at HTMLUnknownElement.callCallback (node_modules/react-dom/cjs/react-dom.development.js:4164:14)
      at HTMLUnknownElement.callTheUserObjectsOperation (node_modules/jsdom/lib/jsdom/living/generated/EventListener.js:26:30)
      at innerInvokeEventListeners (node_modules/jsdom/lib/jsdom/living/events/EventTarget-impl.js:350:25)
      at invokeEventListeners (node_modules/jsdom/lib/jsdom/living/events/EventTarget-impl.js:286:3)
      at HTMLUnknownElementImpl._dispatch (node_modules/jsdom/lib/jsdom/living/events/EventTarget-impl.js:233:9)
      at HTMLUnknownElementImpl.dispatchEvent (node_modules/jsdom/lib/jsdom/living/events/EventTarget-impl.js:104:17)
      at HTMLUnknownElement.dispatchEvent (node_modules/jsdom/lib/jsdom/living/generated/EventTarget.js:241:34)
      at Object.invokeGuardedCallbackDev (node_modules/react-dom/cjs/react-dom.development.js:4213:16)
      at invokeGuardedCallback (node_modules/react-dom/cjs/react-dom.development.js:4277:31)
      at invokeGuardedCallbackAndCatchFirstError (node_modules/react-dom/cjs/react-dom.development.js:4291:25)
      at executeDispatch (node_modules/react-dom/cjs/react-dom.development.js:9041:3)
      at processDispatchQueueItemsInOrder (node_modules/react-dom/cjs/react-dom.development.js:9073:7)
      at processDispatchQueue (node_modules/react-dom/cjs/react-dom.development.js:9086:5)
      at dispatchEventsForPlugins (node_modules/react-dom/cjs/react-dom.development.js:9097:3)
      at node_modules/react-dom/cjs/react-dom.development.js:9288:12
      at batchedUpdates$1 (node_modules/react-dom/cjs/react-dom.development.js:26179:12)
      at batchedUpdates (node_modules/react-dom/cjs/react-dom.development.js:3991:12)
      at dispatchEventForPluginEventSystem (node_modules/react-dom/cjs/react-dom.development.js:9287:3)
      at dispatchEventWithEnableCapturePhaseSelectiveHydrationWithoutDiscreteEventReplay (node_modules/react-dom/cjs/react-dom.development.js:6465:5)
      at dispatchEvent (node_modules/react-dom/cjs/react-dom.development.js:6457:5)
      at dispatchDiscreteEvent (node_modules/react-dom/cjs/react-dom.development.js:6430:5)
      at HTMLDivElement.callTheUserObjectsOperation (node_modules/jsdom/lib/jsdom/living/generated/EventListener.js:26:30)
      at innerInvokeEventListeners (node_modules/jsdom/lib/jsdom/living/events/EventTarget-impl.js:350:25)
      at invokeEventListeners (node_modules/jsdom/lib/jsdom/living/events/EventTarget-impl.js:286:3)
      at HTMLFormElementImpl._dispatch (node_modules/jsdom/lib/jsdom/living/events/EventTarget-impl.js:233:9)
      at fireAnEvent (node_modules/jsdom/lib/jsdom/living/helpers/events.js:18:36)
      at HTMLFormElementImpl.requestSubmit (node_modules/jsdom/lib/jsdom/living/nodes/HTMLFormElement-impl.js:109:10)
      at HTMLFormElementImpl._doRequestSubmit (node_modules/jsdom/lib/jsdom/living/nodes/HTMLFormElement-impl.js:79:10)
      at HTMLButtonElementImpl._activationBehavior (node_modules/jsdom/lib/jsdom/living/nodes/HTMLButtonElement-impl.js:23:14)
      at HTMLButtonElementImpl._dispatch (node_modules/jsdom/lib/jsdom/living/events/EventTarget-impl.js:252:26)
      at HTMLButtonElementImpl.dispatchEvent (node_modules/jsdom/lib/jsdom/living/events/EventTarget-impl.js:104:17)
      at HTMLButtonElement.dispatchEvent (node_modules/jsdom/lib/jsdom/living/generated/EventTarget.js:241:34)
      at node_modules/@testing-library/dom/dist/events.js:19:20
      at node_modules/@testing-library/react/dist/pure.js:108:16
      at node_modules/@testing-library/react/dist/act-compat.js:48:24
      at act (node_modules/react/cjs/react.development.js:2512:16)
      at node_modules/@testing-library/react/dist/act-compat.js:47:25
      at Object.eventWrapper (node_modules/@testing-library/react/dist/pure.js:107:28)
      at fireEvent (node_modules/@testing-library/dom/dist/events.js:12:35)
      at Function.fireEvent.<computed> [as click] (node_modules/@testing-library/dom/dist/events.js:110:36)
      at Function.fireEvent.<computed> [as click] (node_modules/@testing-library/react/dist/fire-event.js:15:52)
      at Object.click (src/components/Checkout/__tests__/AddressFormModal.test.tsx:419:17)

  console.error
    API response: { success: true }

      69 |
      70 |       const data = await response.json();
    > 71 |       console.error('API response:', data);
         |               ^
      72 |
      73 |       if (response.ok) {
      74 |         toast.success("Address added successfully!");

      at error (src/components/Checkout/AddressFormModal.tsx:71:15)

  console.log
    Street changed: 123 Main St

      at log (src/components/Checkout/AddressFormModal.tsx:136:25)

  console.log
    State changed: Maharashtra

      at log (src/components/Checkout/AddressFormModal.tsx:168:27)

  console.error
    handleSubmit called with: {
      street: '123 Main St',
      city: 'Mumbai',
      state: 'Maharashtra',
      zip: '400001',
      isDefault: false
    }

      47 |   const handleSubmit = async (e: React.FormEvent) => {
      48 |     e.preventDefault();
    > 49 |     console.error('handleSubmit called with:', formData);
         |             ^
      50 |
      51 |     if (!formData.street || !formData.city || !formData.state || !formData.zip) {
      52 |       console.error('Validation failed');

      at error (src/components/Checkout/AddressFormModal.tsx:49:13)
      at HTMLUnknownElement.callCallback (node_modules/react-dom/cjs/react-dom.development.js:4164:14)
      at HTMLUnknownElement.callTheUserObjectsOperation (node_modules/jsdom/lib/jsdom/living/generated/EventListener.js:26:30)
      at innerInvokeEventListeners (node_modules/jsdom/lib/jsdom/living/events/EventTarget-impl.js:350:25)
      at invokeEventListeners (node_modules/jsdom/lib/jsdom/living/events/EventTarget-impl.js:286:3)
      at HTMLUnknownElementImpl._dispatch (node_modules/jsdom/lib/jsdom/living/events/EventTarget-impl.js:233:9)
      at HTMLUnknownElementImpl.dispatchEvent (node_modules/jsdom/lib/jsdom/living/events/EventTarget-impl.js:104:17)
      at HTMLUnknownElement.dispatchEvent (node_modules/jsdom/lib/jsdom/living/generated/EventTarget.js:241:34)
      at Object.invokeGuardedCallbackDev (node_modules/react-dom/cjs/react-dom.development.js:4213:16)
      at invokeGuardedCallback (node_modules/react-dom/cjs/react-dom.development.js:4277:31)
      at invokeGuardedCallbackAndCatchFirstError (node_modules/react-dom/cjs/react-dom.development.js:4291:25)
      at executeDispatch (node_modules/react-dom/cjs/react-dom.development.js:9041:3)
      at processDispatchQueueItemsInOrder (node_modules/react-dom/cjs/react-dom.development.js:9073:7)
      at processDispatchQueue (node_modules/react-dom/cjs/react-dom.development.js:9086:5)
      at dispatchEventsForPlugins (node_modules/react-dom/cjs/react-dom.development.js:9097:3)
      at node_modules/react-dom/cjs/react-dom.development.js:9288:12
      at batchedUpdates$1 (node_modules/react-dom/cjs/react-dom.development.js:26179:12)
      at batchedUpdates (node_modules/react-dom/cjs/react-dom.development.js:3991:12)
      at dispatchEventForPluginEventSystem (node_modules/react-dom/cjs/react-dom.development.js:9287:3)
      at dispatchEventWithEnableCapturePhaseSelectiveHydrationWithoutDiscreteEventReplay (node_modules/react-dom/cjs/react-dom.development.js:6465:5)
      at dispatchEvent (node_modules/react-dom/cjs/react-dom.development.js:6457:5)
      at dispatchDiscreteEvent (node_modules/react-dom/cjs/react-dom.development.js:6430:5)
      at HTMLDivElement.callTheUserObjectsOperation (node_modules/jsdom/lib/jsdom/living/generated/EventListener.js:26:30)
      at innerInvokeEventListeners (node_modules/jsdom/lib/jsdom/living/events/EventTarget-impl.js:350:25)
      at invokeEventListeners (node_modules/jsdom/lib/jsdom/living/events/EventTarget-impl.js:286:3)
      at HTMLFormElementImpl._dispatch (node_modules/jsdom/lib/jsdom/living/events/EventTarget-impl.js:233:9)
      at fireAnEvent (node_modules/jsdom/lib/jsdom/living/helpers/events.js:18:36)
      at HTMLFormElementImpl.requestSubmit (node_modules/jsdom/lib/jsdom/living/nodes/HTMLFormElement-impl.js:109:10)
      at HTMLFormElementImpl._doRequestSubmit (node_modules/jsdom/lib/jsdom/living/nodes/HTMLFormElement-impl.js:79:10)
      at HTMLButtonElementImpl._activationBehavior (node_modules/jsdom/lib/jsdom/living/nodes/HTMLButtonElement-impl.js:23:14)
      at HTMLButtonElementImpl._dispatch (node_modules/jsdom/lib/jsdom/living/events/EventTarget-impl.js:252:26)
      at HTMLButtonElementImpl.dispatchEvent (node_modules/jsdom/lib/jsdom/living/events/EventTarget-impl.js:104:17)
      at HTMLButtonElement.dispatchEvent (node_modules/jsdom/lib/jsdom/living/generated/EventTarget.js:241:34)
      at node_modules/@testing-library/dom/dist/events.js:19:20
      at node_modules/@testing-library/react/dist/pure.js:108:16
      at node_modules/@testing-library/react/dist/act-compat.js:48:24
      at act (node_modules/react/cjs/react.development.js:2512:16)
      at node_modules/@testing-library/react/dist/act-compat.js:47:25
      at Object.eventWrapper (node_modules/@testing-library/react/dist/pure.js:107:28)
      at fireEvent (node_modules/@testing-library/dom/dist/events.js:12:35)
      at Function.fireEvent.<computed> [as click] (node_modules/@testing-library/dom/dist/events.js:110:36)
      at Function.fireEvent.<computed> [as click] (node_modules/@testing-library/react/dist/fire-event.js:15:52)
      at Object.click (src/components/Checkout/__tests__/AddressFormModal.test.tsx:463:17)

  console.error
    API response: { success: true }

      69 |
      70 |       const data = await response.json();
    > 71 |       console.error('API response:', data);
         |               ^
      72 |
      73 |       if (response.ok) {
      74 |         toast.success("Address added successfully!");

      at error (src/components/Checkout/AddressFormModal.tsx:71:15)

FAIL src/components/Checkout/__tests__/AddressFormModal.test.tsx
  AddressFormModal
    Unit Tests
      ✕ should use the mocked toast (2 ms)
      ✓ should not render when isOpen is false (10 ms)
      ✓ should render modal when isOpen is true (26 ms)
      ✓ should render custom title when provided (10 ms)
      ✓ should render all form fields (14 ms)
      ✕ should call onClose when close button is clicked (298 ms)
      ✓ should call onClose when Cancel button is clicked (17 ms)
      ✕ should validate form inputs (1054 ms)
      ✓ should only allow numeric input in PIN code field (54 ms)
      ✓ should limit PIN code to 6 digits (39 ms)
      ✓ should have Country field disabled with value "India" (5 ms)
      ✓ should render all Indian states in dropdown (63 ms)
    Integration Tests
      ✓ should update input value on change (8 ms)
      ✕ should submit form with valid data (34 ms)
      ✕ should handle API error gracefully (1029 ms)
      ✓ should handle network error (31 ms)
      ✓ should display error for empty fields (20 ms)
      ✓ should submit with isDefault checked (30 ms)
      ✓ should reset form after successful submission (31 ms)
      ✓ should show loading state during submission (128 ms)
    Accessibility Tests
      ✓ should have proper ARIA labels (8 ms)
      ✓ should mark required fields with asterisk (5 ms)
      ✓ should be keyboard navigable (15 ms)

  ● AddressFormModal › Unit Tests › should use the mocked toast

    ReferenceError: mockToastError is not defined

      27 |       const { toast } = require('react-hot-toast');
      28 |       toast.error('test');
    > 29 |       expect(mockToastError).toHaveBeenCalledWith('test');
         |              ^
      30 |     });
      31 |
      32 |     it('should not render when isOpen is false', () => {

      at Object.mockToastError (src/components/Checkout/__tests__/AddressFormModal.test.tsx:29:14)

  ● AddressFormModal › Unit Tests › should call onClose when close button is clicked

    TestingLibraryElementError: Unable to find an accessible element with the role "button" and name `/close/i`

    Here are the accessible roles:

      heading:

      Name "Add New Address":
      [36m<h2[39m
        [33mclass[39m=[32m"text-xl font-bold text-gray-900"[39m
      [36m/>[39m

      --------------------------------------------------
      button:

      Name "":
      [36m<button[39m
        [33mclass[39m=[32m"text-gray-400 hover:text-gray-600 transition-colors"[39m
      [36m/>[39m

      Name "Add Address":
      [36m<button[39m
        [33mclass[39m=[32m"inline-flex font-medium text-white bg-blue py-3 px-7 rounded-md ease-out duration-200 hover:bg-blue-dark"[39m
        [33mtype[39m=[32m"submit"[39m
      [36m/>[39m

      Name "Cancel":
      [36m<button[39m
        [33mclass[39m=[32m"flex-1 bg-gray-200 text-gray-700 px-6 py-3 rounded-lg font-medium hover:bg-gray-300 transition-colors"[39m
        [33mtype[39m=[32m"button"[39m
      [36m/>[39m

      --------------------------------------------------
      textbox:

      Name "Street Address *":
      [36m<input[39m
        [33mclass[39m=[32m"w-full px-4 py-2.5 border border-gray-300 rounded-lg focus:ring-2 focus:ring-blue-500 focus:border-transparent"[39m
        [33mid[39m=[32m"street"[39m
        [33mplaceholder[39m=[32m"House no, Building name, Street"[39m
        [33mrequired[39m=[32m""[39m
        [33mtype[39m=[32m"text"[39m
        [33mvalue[39m=[32m""[39m
      [36m/>[39m

      Name "City *":
      [36m<input[39m
        [33mclass[39m=[32m"w-full px-4 py-2.5 border border-gray-300 rounded-lg focus:ring-2 focus:ring-blue-500 focus:border-transparent"[39m
        [33mid[39m=[32m"city"[39m
        [33mrequired[39m=[32m""[39m
        [33mtype[39m=[32m"text"[39m
        [33mvalue[39m=[32m""[39m
      [36m/>[39m

      Name "PIN Code *":
      [36m<input[39m
        [33mclass[39m=[32m"w-full px-4 py-2.5 border border-gray-300 rounded-lg focus:ring-2 focus:ring-blue-500 focus:border-transparent"[39m
        [33mid[39m=[32m"zip"[39m
        [33mmaxlength[39m=[32m"6"[39m
        [33mpattern[39m=[32m"\\d{6}"[39m
        [33mplaceholder[39m=[32m"6-digit PIN code"[39m
        [33mrequired[39m=[32m""[39m
        [33mtype[39m=[32m"text"[39m
        [33mvalue[39m=[32m""[39m
      [36m/>[39m

      Name "Country":
      [36m<input[39m
        [33mclass[39m=[32m"w-full px-4 py-2.5 border border-gray-300 rounded-lg bg-gray-100 text-gray-600"[39m
        [33mdisabled[39m=[32m""[39m
        [33mid[39m=[32m"country"[39m
        [33mtype[39m=[32m"text"[39m
        [33mvalue[39m=[32m"India"[39m
      [36m/>[39m

      --------------------------------------------------
      combobox:

      Name "State *":
      [36m<select[39m
        [33mclass[39m=[32m"w-full px-4 py-2.5 border border-gray-300 rounded-lg focus:ring-2 focus:ring-blue-500 focus:border-transparent"[39m
        [33mid[39m=[32m"state"[39m
        [33mrequired[39m=[32m""[39m
      [36m/>[39m

      --------------------------------------------------
      option:

      Name "Select State":
      [36m<option[39m
        [33mvalue[39m=[32m""[39m
      [36m/>[39m

      Name "Andhra Pradesh":
      [36m<option[39m
        [33mvalue[39m=[32m"Andhra Pradesh"[39m
      [36m/>[39m

      Name "Arunachal Pradesh":
      [36m<option[39m
        [33mvalue[39m=[32m"Arunachal Pradesh"[39m
      [36m/>[39m

      Name "Assam":
      [36m<option[39m
        [33mvalue[39m=[32m"Assam"[39m
      [36m/>[39m

      Name "Bihar":
      [36m<option[39m
        [33mvalue[39m=[32m"Bihar"[39m
      [36m/>[39m

      Name "Chhattisgarh":
      [36m<option[39m
        [33mvalue[39m=[32m"Chhattisgarh"[39m
      [36m/>[39m

      Name "Goa":
      [36m<option[39m
        [33mvalue[39m=[32m"Goa"[39m
      [36m/>[39m

      Name "Gujarat":
      [36m<option[39m
        [33mvalue[39m=[32m"Gujarat"[39m
      [36m/>[39m

      Name "Haryana":
      [36m<option[39m
        [33mvalue[39m=[32m"Haryana"[39m
      [36m/>[39m

      Name "Himachal Pradesh":
      [36m<option[39m
        [33mvalue[39m=[32m"Himachal Pradesh"[39m
      [36m/>[39m

      Name "Jharkhand":
      [36m<option[39m
        [33mvalue[39m=[32m"Jharkhand"[39m
      [36m/>[39m

      Name "Karnataka":
      [36m<option[39m
        [33mvalue[39m=[32m"Karnataka"[39m
      [36m/>[39m

      Name "Kerala":
      [36m<option[39m
        [33mvalue[39m=[32m"Kerala"[39m
      [36m/>[39m

      Name "Madhya Pradesh":
      [36m<option[39m
        [33mvalue[39m=[32m"Madhya Pradesh"[39m
      [36m/>[39m

      Name "Maharashtra":
      [36m<option[39m
        [33mvalue[39m=[32m"Maharashtra"[39m
      [36m/>[39m

      Name "Manipur":
      [36m<option[39m
        [33mvalue[39m=[32m"Manipur"[39m
      [36m/>[39m

      Name "Meghalaya":
      [36m<option[39m
        [33mvalue[39m=[32m"Meghalaya"[39m
      [36m/>[39m

      Name "Mizoram":
      [36m<option[39m
        [33mvalue[39m=[32m"Mizoram"[39m
      [36m/>[39m

      Name "Nagaland":
      [36m<option[39m
        [33mvalue[39m=[32m"Nagaland"[39m
      [36m/>[39m

      Name "Odisha":
      [36m<option[39m
        [33mvalue[39m=[32m"Odisha"[39m
      [36m/>[39m

      Name "Punjab":
      [36m<option[39m
        [33mvalue[39m=[32m"Punjab"[39m
      [36m/>[39m

      Name "Rajasthan":
      [36m<option[39m
        [33mvalue[39m=[32m"Rajasthan"[39m
      [36m/>[39m

      Name "Sikkim":
      [36m<option[39m
        [33mvalue[39m=[32m"Sikkim"[39m
      [36m/>[39m

      Name "Tamil Nadu":
      [36m<option[39m
        [33mvalue[39m=[32m"Tamil Nadu"[39m
      [36m/>[39m

      Name "Telangana":
      [36m<option[39m
        [33mvalue[39m=[32m"Telangana"[39m
      [36m/>[39m

      Name "Tripura":
      [36m<option[39m
        [33mvalue[39m=[32m"Tripura"[39m
      [36m/>[39m

      Name "Uttar Pradesh":
      [36m<option[39m
        [33mvalue[39m=[32m"Uttar Pradesh"[39m
      [36m/>[39m

      Name "Uttarakhand":
      [36m<option[39m
        [33mvalue[39m=[32m"Uttarakhand"[39m
      [36m/>[39m

      Name "West Bengal":
      [36m<option[39m
        [33mvalue[39m=[32m"West Bengal"[39m
      [36m/>[39m

      Name "Andaman and Nicobar Islands":
      [36m<option[39m
        [33mvalue[39m=[32m"Andaman and Nicobar Islands"[39m
      [36m/>[39m

      Name "Chandigarh":
      [36m<option[39m
        [33mvalue[39m=[32m"Chandigarh"[39m
      [36m/>[39m

      Name "Dadra and Nagar Haveli and Daman and Diu":
      [36m<option[39m
        [33mvalue[39m=[32m"Dadra and Nagar Haveli and Daman and Diu"[39m
      [36m/>[39m

      Name "Delhi":
      [36m<option[39m
        [33mvalue[39m=[32m"Delhi"[39m
      [36m/>[39m

      Name "Jammu and Kashmir":
      [36m<option[39m
        [33mvalue[39m=[32m"Jammu and Kashmir"[39m
      [36m/>[39m

      Name "Ladakh":
      [36m<option[39m
        [33mvalue[39m=[32m"Ladakh"[39m
      [36m/>[39m

      Name "Lakshadweep":
      [36m<option[39m
        [33mvalue[39m=[32m"Lakshadweep"[39m
      [36m/>[39m

      Name "Puducherry":
      [36m<option[39m
        [33mvalue[39m=[32m"Puducherry"[39m
      [36m/>[39m

      --------------------------------------------------
      checkbox:

      Name "Set as default address":
      [36m<input[39m
        [33mclass[39m=[32m"h-4 w-4 text-blue-600 focus:ring-blue-500 border-gray-300 rounded"[39m
        [33mid[39m=[32m"isDefault"[39m
        [33mtype[39m=[32m"checkbox"[39m
      [36m/>[39m

      --------------------------------------------------

    Ignored nodes: comments, script, style
    [36m<body>[39m
      [36m<div>[39m
        [36m<div[39m
          [33mclass[39m=[32m"fixed inset-0 bg-black bg-opacity-50 flex items-center justify-center z-50 p-4"[39m
        [36m>[39m
          [36m<div[39m
            [33mclass[39m=[32m"bg-white rounded-lg max-w-2xl w-full max-h-[90vh] overflow-y-auto"[39m
          [36m>[39m
            [36m<div[39m
              [33mclass[39m=[32m"sticky top-0 bg-white border-b border-gray-200 px-6 py-4 flex items-center justify-between"[39m
            [36m>[39m
              [36m<h2[39m
                [33mclass[39m=[32m"text-xl font-bold text-gray-900"[39m
              [36m>[39m
                [0mAdd New Address[0m
              [36m</h2>[39m
              [36m<button[39m
                [33mclass[39m=[32m"text-gray-400 hover:text-gray-600 transition-colors"[39m
              [36m>[39m
                [36m<svg[39m
                  [33mclass[39m=[32m"w-6 h-6"[39m
                  [33mfill[39m=[32m"none"[39m
                  [33mstroke[39m=[32m"currentColor"[39m
                  [33mviewBox[39m=[32m"0 0 24 24"[39m
                [36m>[39m
                  [36m<path[39m
                    [33md[39m=[32m"M6 18L18 6M6 6l12 12"[39m
                    [33mstroke-linecap[39m=[32m"round"[39m
                    [33mstroke-linejoin[39m=[32m"round"[39m
                    [33mstroke-width[39m=[32m"2"[39m
                  [36m/>[39m
                [36m</svg>[39m
              [36m</button>[39m
            [36m</div>[39m
            [36m<form[39m
              [33mclass[39m=[32m"p-6 space-y-4"[39m
            [36m>[39m
              [36m<div>[39m
                [36m<label[39m
                  [33mclass[39m=[32m"block text-sm font-medium text-gray-700 mb-2"[39m
                  [33mfor[39m=[32m"street"[39m
                [36m>[39m
                  [0mStreet Address [0m
                  [36m<span[39m
                    [33mclass[39m=[32m"text-red-500"[39m
                  [36m>[39m
                    [0m*[0m
                  [36m</span>[39m
                [36m</label>[39m
                [36m<input[39m
                  [33mclass[39m=[32m"w-full px-4 py-2.5 border border-gray-300 rounded-lg focus:ring-2 focus:ring-blue-500 focus:border-transparent"[39m
                  [33mid[39m=[32m"street"[39m
                  [33mplaceholder[39m=[32m"House no, Building name, Street"[39m
                  [33mrequired[39m=[32m""[39m
                  [33mtype[39m=[32m"text"[39m
                  [33mvalue[39m=[32m""[39m
                [36m/>[39m
              [36m</div>[39m
              [36m<div[39m
                [33mclass[39m=[32m"grid grid-cols-2 gap-4"[39m
              [36m>[39m
                [36m<div>[39m
                  [36m<label[39m
                    [33mclass[39m=[32m"block text-sm font-medium text-gray-700 mb-2"[39m
                    [33mfor[39m=[32m"city"[39m
                  [36m>[39m
                    [0mCity [0m
                    [36m<span[39m
                      [33mclass[39m=[32m"text-red-500"[39m
                    [36m>[39m
                      [0m*[0m
                    [36m</span>[39m
                  [36m</label>[39m
                  [36m<input[39m
                    [33mclass[39m=[32m"w-full px-4 py-2.5 border border-gray-300 rounded-lg focus:ring-2 focus:ring-blue-500 focus:border-transparent"[39m
                    [33mid[39m=[32m"city"[39m
                    [33mrequired[39m=[32m""[39m
                    [33mtype[39m=[32m"text"[39m
                    [33mvalue[39m=[32m""[39m
                  [36m/>[39m
                [36m</div>[39m
                [36m<div>[39m
                  [36m<label[39m
                    [33mclass[39m=[32m"block text-sm font-medium text-gray-700 mb-2"[39m
                    [33mfor[39m=[32m"state"[39m
                  [36m>[39m
                    [0mState [0m
                    [36m<span[39m
                      [33mclass[39m=[32m"text-red-500"[39m
                    [36m>[39m
                      [0m*[0m
                    [36m</span>[39m
                  [36m</label>[39m
                  [36m<select[39m
                    [33mclass[39m=[32m"w-full px-4 py-2.5 border border-gray-300 rounded-lg focus:ring-2 focus:ring-blue-500 focus:border-transparent"[39m
                    [33mid[39m=[32m"state"[39m
                    [33mrequired[39m=[32m""[39m
                  [36m>[39m
                    [36m<option[39m
                      [33mvalue[39m=[32m""[39m
                    [36m>[39m
                      [0mSelect State[0m
                    [36m</option>[39m
                    [36m<option[39m
                      [33mvalue[39m=[32m"Andhra Pradesh"[39m
                    [36m>[39m
                      [0mAndhra Pradesh[0m
                    [36m</option>[39m
                    [36m<option[39m
                      [33mvalue[39m=[32m"Arunachal Pradesh"[39m
                    [36m>[39m
                      [0mArunachal Pradesh[0m
                    [36m</option>[39m
                    [36m<option[39m
                      [33mvalue[39m=[32m"Assam"[39m
                    [36m>[39m
                      [0mAssam[0m
                    [36m</option>[39m
                    [36m<option[39m
                      [33mvalue[39m=[32m"Bihar"[39m
                    [36m>[39m
                      [0mBihar[0m
                    [36m</option>[39m
                    [36m<option[39m
                      [33mvalue[39m=[32m"Chhattisgarh"[39m
                    [36m>[39m
                      [0mChhattisgarh[0m
                    [36m</option>[39m
                    [36m<option[39m
                      [33mvalue[39m=[32m"Goa"[39m
                    [36m>[39m
                      [0mGoa[0m
                    [36m</option>[39m
                    [36m<option[39m
                      [33mvalue[39m=[32m"Gujarat"[39m
                    [36m>[39m
                      [0mGujarat[0m
                    [36m</option>[39m
                    [36m<option[39m
                      [33mvalue[39m=[32m"Haryana"[39m
                    [36m>[39m
                      [0mHaryana[0m
                    [36m</option>[39m
                    [36m<option[39m
                      [33mvalue[39m=[32m"Himachal Pradesh"[39m
                    [36m>[39m
                      [0mHimachal Pradesh[0m
                    [36m</option>[39m
                    [36m<option[39m
                      [33mvalue[39m=[32m"Jharkhand"[39m
                    [36m>[39m
                      [0mJharkhand[0m
                    [36m</option>[39m
                    [36m<option[39m
                      [33mvalue[39m=[32m"Karnataka"[39m
                    [36m>[39m
                      [0mKarnataka[0m
                    [36m</option>[39m
                    [36m<option[39m
                      [33mvalue[39m=[32m"Kerala"[39m
                    [36m>[39m
                      [0mKerala[0m
                    [36m</option>[39m
                    [36m<option[39m
                      [33mvalue[39m=[32m"Madhya Pradesh"[39m
                    [36m>[39m
                      [0mMadhya Pradesh[0m
                    [36m</option>[39m
                    [36m<option[39m
                      [33mvalue[39m=[32m"Maharashtra"[39m
                    [36m>[39m
                      [0mMaharashtra[0m
                    [36m</option>[39m
                    [36m<option[39m
                      [33mvalue[39m=[32m"Manipur"[39m
                    [36m>[39m
                      [0mManipur[0m
                    [36m</option>[39m
                    [36m<option[39m
                      [33mvalue[39m=[32m"Meghalaya"[39m
                    [36m>[39m
                      [0mMeghalaya[0m
                    [36m</option>[39m
                    [36m<option[39m
                      [33mvalue[39m=[32m"Mizoram"[39m
                    [36m>[39m
                      [0mMizoram[0m
                    [36m</option>[39m
                    [36m<option[39m
                      [33mvalue[39m=[32m"Nagaland"[39m
                    [36m>[39m
                      [0mNagaland[0m
                    [36m</option>[39m
                    [36m<option[39m
                      [33mvalue[39m=[32m"Odisha"[39m
                    [36m>[39m
                      [0mOdisha[0m
                    [36m</option>[39m
                    [36m<option[39m
                      [33mvalue[39m=[32m"Punjab"[39m
                    [36m>[39m
                      [0mPunjab[0m
                    [36m</option>[39m
                    [36m<option[39m
                      [33mvalue[39m=[32m"Rajasthan"[39m
                    [36m>[39m
                      [0mRajasthan[0m
                    [36m</option>[39m
                    [36m<option[39m
                      [33mvalue[39m=[32m"Sikkim"[39m
                    [36m>[39m
                      [0mSikkim[0m
                    [36m</option>[39m
                    [36m<option[39m
                      [33mvalue[39m=[32m"Tamil Nadu"[39m
                    [36m>[39m
                      [0mTamil Nadu[0m
                    [36m</option>[39m
                    [36m<option[39m
                      [33mvalue[39m=[32m"Telangana"[39m
                    [36m>[39m
                      [0mTelangana[0m
                    [36m</option>[39m
                    [36m<option[39m
                      [33mvalue[39m=[32m"Tripura"[39m
                    [36m>[39m
                      [0mTripura[0m
                    [36m</option>[39m
                    [36m<option[39m
                      [33mvalue[39m=[32m"Uttar Pradesh"[39m
                    [36m>[39m
                      [0mUttar Pradesh[0m
                    [36m</option>[39m
                    [36m<option[39m
                      [33mvalue[39m=[32m"Uttarakhand"[39m
                    [36m>[39m
                      [0mUttarakhand[0m
                    [36m</option>[39m
                    [36m<option[39m
                      [33mvalue[39m=[32m"West Bengal"[39m
                    [36m>[39m
                      [0mWest Bengal[0m
                    [36m</option>[39m
                    [36m<option[39m
                      [33mvalue[39m=[32m"Andaman and Nicobar Islands"[39m
                    [36m>[39m
                      [0mAndaman and Nicobar Islands[0m
                    [36m</option>[39m
                    [36m<option[39m
                      [33mvalue[39m=[32m"Chandigarh"[39m
                    [36m>[39m
                      [0mChandigarh[0m
                    [36m</option>[39m
                    [36m<option[39m
                      [33mvalue[39m=[32m"Dadra and Nagar Haveli and Daman and Diu"[39m
                    [36m>[39m
                      [0mDadra and Nagar Haveli and Daman and Diu[0m
                    [36m</option>[39m
                    [36m<option[39m
                      [33mvalue[39m=[32m"Delhi"[39m
                    [36m>[39m
                      [0mDelhi[0m
                    [36m</option>[39m
                    [36m<option[39m
                      [33mvalue[39m=[32m"Jammu and Kashmir"[39m
                    [36m>[39m
                      [0mJammu and Kashmir[0m
                    [36m</option>[39m
                    [36m<option[39m
                      [33mvalue[39m=[32m"Ladakh"[39m
                    [36m>[39m
                      [0mLadakh[0m
                    [36m</option>[39m
                    [36m<option[39m
                      [33mvalue[39m=[32m"Lakshadweep"[39m
                    [36m>[39m
                      [0mLakshadweep[0m
                    [36m</option>[39m
                    [36m<option[39m
                      [33mvalue[39m=[32m"Puducherry"[39m
                    [36m>[39m
                      [0mPuducherry[0m
                    [36m</option>[39m
                  [36m</select>[39m
                [36m</div>[39m
              [36m</div>[39m
              [36m<div[39m
                [33mclass[39m=[32m"grid grid-cols-2 gap-4"[39m
              [36m>[39m
                [36m<div>[39m
                  [36m<label[39m
                    [33mclass[39m=[32m"block text-sm font-medium text-gray-700 mb-2"[39m
                    [33mfor[39m=[32m"zip"[39m
                  [36m>[39m
                    [0mPIN Code [0m
                    [36m<span[39m
                      [33mclass[39m=[32m"text-red-500"[39m
                    [36m>[39m
                      [0m*[0m
                    [36m</span>[39m
                  [36m</label>[39m
                  [36m<input[39m
                    [33mclass[39m=[32m"w-full px-4 py-2.5 border border-gray-300 rounded-lg focus:ring-2 focus:ring-blue-500 focus:border-transparent"[39m
                    [33mid[39m=[32m"zip"[39m
                    [33mmaxlength[39m=[32m"6"[39m
                    [33mpattern[39m=[32m"\\d{6}"[39m
                    [33mplaceholder[39m=[32m"6-digit PIN code"[39m
                    [33mrequired[39m=[32m""[39m
                    [33mtype[39m=[32m"text"[39m
                    [33mvalue[39m=[32m""[39m
                  [36m/>[39m
                [36m</div>[39m
                [36m<div>[39m
                  [36m<label[39m
                    [33mclass[39m=[32m"block text-sm font-medium text-gray-700 mb-2"[39m
                    [33mfor[39m=[32m"country"[39m
                  [36m>[39m
                    [0mCountry[0m
                  [36m</label>[39m
                  [36m<input[39m
                    [33mclass[39m=[32m"w-full px-4 py-2.5 border border-gray-300 rounded-lg bg-gray-100 text-gray-600"[39m
                    [33mdisabled[39m=[32m""[39m
                    [33mid[39m=[32m"country"[39m
                    [33mtype[39m=[32m"text"[39m
                    [33mvalue[39m=[32m"India"[39m
                  [36m/>[39m
                [36m</div>[39m
              [36m</div>[39m
              [36m<div[39m
                [33mclass[39m=[32m"flex items-center pt-2"[39m
              [36m>[39m
                [36m<input[39m
                  [33mclass[39m=[32m"h-4 w-4 text-blue-600 focus:ring-blue-500 border-gray-300 rounded"[39m
                  [33mid[39m=[32m"isDefault"[39m
                  [33mtype[39m=[32m"checkbox"[39m
                [36m/>[39m
                [36m<label[39m
                  [33mclass[39m=[32m"ml-2 block text-sm text-gray-900"[39m
                  [33mfor[39m=[32m"isDefault"[39m
                [36m>[39m
                  [0mSet as default address[0m
                [36m</label>[39m
              [36m</div>[39m
              [36m<div[39m
                [33mclass[39m=[32m"flex items-center space-x-4 pt-4 border-t border-gray-200"[39m
              [36m>[39m
                [36m<button[39m
                  [33mclass[39m=[32m"inline-flex font-medium text-white bg-blue py-3 px-7 rounded-md ease-out duration-200 hover:bg-blue-dark"[39m
                  [33mtype[39m=[32m"submit"[39m
                [36m>[39m
                  [0mAdd Address[0m
                [36m</button>[39m
                [36m<button[39m
                  [33mclass[39m=[32m"flex-1 bg-gray-200 text-gray-700 px-6 py-3 rounded-lg font-medium hover:bg-gray-300 transition-colors"[39m
                  [33mtype[39m=[32m"button"[39m
                [36m>[39m
                  [0mCancel[0m
                [36m</button>[39m
              [36m</div>[39m
            [36m</form>[39m
          [36m</div>[39m
        [36m</div>[39m
      [36m</div>[39m
    [36m</body>[39m

      90 |       );
      91 |
    > 92 |       const closeButton = screen.getByRole('button', { name: /close/i });
         |                                  ^
      93 |       fireEvent.click(closeButton);
      94 |       expect(mockOnClose).toHaveBeenCalledTimes(1);
      95 |     });

      at Object.getElementError (node_modules/@testing-library/dom/dist/config.js:37:19)
      at node_modules/@testing-library/dom/dist/query-helpers.js:76:38
      at node_modules/@testing-library/dom/dist/query-helpers.js:52:17
      at node_modules/@testing-library/dom/dist/query-helpers.js:95:19
      at Object.getByRole (src/components/Checkout/__tests__/AddressFormModal.test.tsx:92:34)

  ● AddressFormModal › Unit Tests › should validate form inputs

    expect(jest.fn()).toHaveBeenCalledWith(...expected)

    Expected: "PIN code must be 6 digits"

    Number of calls: 0

    Ignored nodes: comments, script, style
    [36m<html>[39m
      [36m<head />[39m
      [36m<body>[39m
        [36m<div>[39m
          [36m<div[39m
            [33mclass[39m=[32m"fixed inset-0 bg-black bg-opacity-50 flex items-center justify-center z-50 p-4"[39m
          [36m>[39m
            [36m<div[39m
              [33mclass[39m=[32m"bg-white rounded-lg max-w-2xl w-full max-h-[90vh] overflow-y-auto"[39m
            [36m>[39m
              [36m<div[39m
                [33mclass[39m=[32m"sticky top-0 bg-white border-b border-gray-200 px-6 py-4 flex items-center justify-between"[39m
              [36m>[39m
                [36m<h2[39m
                  [33mclass[39m=[32m"text-xl font-bold text-gray-900"[39m
                [36m>[39m
                  [0mAdd New Address[0m
                [36m</h2>[39m
                [36m<button[39m
                  [33mclass[39m=[32m"text-gray-400 hover:text-gray-600 transition-colors"[39m
                [36m>[39m
                  [36m<svg[39m
                    [33mclass[39m=[32m"w-6 h-6"[39m
                    [33mfill[39m=[32m"none"[39m
                    [33mstroke[39m=[32m"currentColor"[39m
                    [33mviewBox[39m=[32m"0 0 24 24"[39m
                  [36m>[39m
                    [36m<path[39m
                      [33md[39m=[32m"M6 18L18 6M6 6l12 12"[39m
                      [33mstroke-linecap[39m=[32m"round"[39m
                      [33mstroke-linejoin[39m=[32m"round"[39m
                      [33mstroke-width[39m=[32m"2"[39m
                    [36m/>[39m
                  [36m</svg>[39m
                [36m</button>[39m
              [36m</div>[39m
              [36m<form[39m
                [33mclass[39m=[32m"p-6 space-y-4"[39m
              [36m>[39m
                [36m<div>[39m
                  [36m<label[39m
                    [33mclass[39m=[32m"block text-sm font-medium text-gray-700 mb-2"[39m
                    [33mfor[39m=[32m"street"[39m
                  [36m>[39m
                    [0mStreet Address [0m
                    [36m<span[39m
                      [33mclass[39m=[32m"text-red-500"[39m
                    [36m>[39m
                      [0m*[0m
                    [36m</span>[39m
                  [36m</label>[39m
                  [36m<input[39m
                    [33mclass[39m=[32m"w-full px-4 py-2.5 border border-gray-300 rounded-lg focus:ring-2 focus:ring-blue-500 focus:border-transparent"[39m
                    [33mid[39m=[32m"street"[39m
                    [33mplaceholder[39m=[32m"House no, Building name, Street"[39m
                    [33mrequired[39m=[32m""[39m
                    [33mtype[39m=[32m"text"[39m
                    [33mvalue[39m=[32m"123 Main St"[39m
                  [36m/>[39m
                [36m</div>[39m
                [36m<div[39m
                  [33mclass[39m=[32m"grid grid-cols-2 gap-4"[39m
                [36m>[39m
                  [36m<div>[39m
                    [36m<label[39m
                      [33mclass[39m=[32m"block text-sm font-medium text-gray-700 mb-2"[39m
                      [33mfor[39m=[32m"city"[39m
                    [36m>[39m
                      [0mCity [0m
                      [36m<span[39m
                        [33mclass[39m=[32m"text-red-500"[39m
                      [36m>[39m
                        [0m*[0m
                      [36m</span>[39m
                    [36m</label>[39m
                    [36m<input[39m
                      [33mclass[39m=[32m"w-full px-4 py-2.5 border border-gray-300 rounded-lg focus:ring-2 focus:ring-blue-500 focus:border-transparent"[39m
                      [33mid[39m=[32m"city"[39m
                      [33mrequired[39m=[32m""[39m
                      [33mtype[39m=[32m"text"[39m
                      [33mvalue[39m=[32m"Mumbai"[39m
                    [36m/>[39m
                  [36m</div>[39m
                  [36m<div>[39m
                    [36m<label[39m
                      [33mclass[39m=[32m"block text-sm font-medium text-gray-700 mb-2"[39m
                      [33mfor[39m=[32m"state"[39m
                    [36m>[39m
                      [0mState [0m
                      [36m<span[39m
                        [33mclass[39m=[32m"text-red-500"[39m
                      [36m>[39m
                        [0m*[0m
                      [36m</span>[39m
                    [36m</label>[39m
                    [36m<select[39m
                      [33mclass[39m=[32m"w-full px-4 py-2.5 border border-gray-300 rounded-lg focus:ring-2 focus:ring-blue-500 focus:border-transparent"[39m
                      [33mid[39m=[32m"state"[39m
                      [33mrequired[39m=[32m""[39m
                    [36m>[39m
                      [36m<option[39m
                        [33mvalue[39m=[32m""[39m
                      [36m>[39m
                        [0mSelect State[0m
                      [36m</option>[39m
                      [36m<option[39m
                        [33mvalue[39m=[32m"Andhra Pradesh"[39m
                      [36m>[39m
                        [0mAndhra Pradesh[0m
                      [36m</option>[39m
                      [36m<option[39m
                        [33mvalue[39m=[32m"Arunachal Pradesh"[39m
                      [36m>[39m
                        [0mArunachal Pradesh[0m
                      [36m</option>[39m
                      [36m<option[39m
                        [33mvalue[39m=[32m"Assam"[39m
                      [36m>[39m
                        [0mAssam[0m
                      [36m</option>[39m
                      [36m<option[39m
                        [33mvalue[39m=[32m"Bihar"[39m
                      [36m>[39m
                        [0mBihar[0m
                      [36m</option>[39m
                      [36m<option[39m
                        [33mvalue[39m=[32m"Chhattisgarh"[39m
                      [36m>[39m
                        [0mChhattisgarh[0m
                      [36m</option>[39m
                      [36m<option[39m
                        [33mvalue[39m=[32m"Goa"[39m
                      [36m>[39m
                        [0mGoa[0m
                      [36m</option>[39m
                      [36m<option[39m
                        [33mvalue[39m=[32m"Gujarat"[39m
                      [36m>[39m
                        [0mGujarat[0m
                      [36m</option>[39m
                      [36m<option[39m
                        [33mvalue[39m=[32m"Haryana"[39m
                      [36m>[39m
                        [0mHaryana[0m
                      [36m</option>[39m
                      [36m<option[39m
                        [33mvalue[39m=[32m"Himachal Pradesh"[39m
                      [36m>[39m
                        [0mHimachal Pradesh[0m
                      [36m</option>[39m
                      [36m<option[39m
                        [33mvalue[39m=[32m"Jharkhand"[39m
                      [36m>[39m
                        [0mJharkhand[0m
                      [36m</option>[39m
                      [36m<option[39m
                        [33mvalue[39m=[32m"Karnataka"[39m
                      [36m>[39m
                        [0mKarnataka[0m
                      [36m</option>[39m
                      [36m<option[39m
                        [33mvalue[39m=[32m"Kerala"[39m
                      [36m>[39m
                        [0mKerala[0m
                      [36m</option>[39m
                      [36m<option[39m
                        [33mvalue[39m=[32m"Madhya Pradesh"[39m
                      [36m>[39m
                        [0mMadhya Pradesh[0m
                      [36m</option>[39m
                      [36m<option[39m
                        [33mvalue[39m=[32m"Maharashtra"[39m
                      [36m>[39m
                        [0mMaharashtra[0m
                      [36m</option>[39m
                      [36m<option[39m
                        [33mvalue[39m=[32m"Manipur"[39m
                      [36m>[39m
                        [0mManipur[0m
                      [36m</option>[39m
                      [36m<option[39m
                        [33mvalue[39m=[32m"Meghalaya"[39m
                      [36m>[39m
                        [0mMeghalaya[0m
                      [36m</option>[39m
                      [36m<option[39m
                        [33mvalue[39m=[32m"Mizoram"[39m
                      [36m>[39m
                        [0mMizoram[0m
                      [36m</option>[39m
                      [36m<option[39m
                        [33mvalue[39m=[32m"Nagaland"[39m
                      [36m>[39m
                        [0mNagaland[0m
                      [36m</option>[39m
                      [36m<option[39m
                        [33mvalue[39m=[32m"Odisha"[39m
                      [36m>[39m
                        [0mOdisha[0m
                      [36m</option>[39m
                      [36m<option[39m
                        [33mvalue[39m=[32m"Punjab"[39m
                      [36m>[39m
                        [0mPunjab[0m
                      [36m</option>[39m
                      [36m<option[39m
                        [33mvalue[39m=[32m"Rajasthan"[39m
                      [36m>[39m
                        [0mRajasthan[0m
                      [36m</option>[39m
                      [36m<option[39m
                        [33mvalue[39m=[32m"Sikkim"[39m
                      [36m>[39m
                        [0mSikkim[0m
                      [36m</option>[39m
                      [36m<option[39m
                        [33mvalue[39m=[32m"Tamil Nadu"[39m
                      [36m>[39m
                        [0mTamil Nadu[0m
                      [36m</option>[39m
                      [36m<option[39m
                        [33mvalue[39m=[32m"Telangana"[39m
                      [36m>[39m
                        [0mTelangana[0m
                      [36m</option>[39m
                      [36m<option[39m
                        [33mvalue[39m=[32m"Tripura"[39m
                      [36m>[39m
                        [0mTripura[0m
                      [36m</option>[39m
                      [36m<option[39m
                        [33mvalue[39m=[32m"Uttar Pradesh"[39m
                      [36m>[39m
                        [0mUttar Pradesh[0m
                      [36m</option>[39m
                      [36m<option[39m
                        [33mvalue[39m=[32m"Uttarakhand"[39m
                      [36m>[39m
                        [0mUttarakhand[0m
                      [36m</option>[39m
                      [36m<option[39m
                        [33mvalue[39m=[32m"West Bengal"[39m
                      [36m>[39m
                        [0mWest Bengal[0m
                      [36m</option>[39m
                      [36m<option[39m
                        [33mvalue[39m=[32m"Andaman and Nicobar Islands"[39m
                      [36m>[39m
                        [0mAndaman and Nicobar Islands[0m
                      [36m</option>[39m
                      [36m<option[39m
                        [33mvalue[39m=[32m"Chandigarh"[39m
                      [36m>[39m
                        [0mChandigarh[0m
                      [36m</option>[39m
                      [36m<option[39m
                        [33mvalue[39m=[32m"Dadra and Nagar Haveli and Daman and Diu"[39m
                      [36m>[39m
                        [0mDadra and Nagar Haveli and Daman and Diu[0m
                      [36m</option>[39m
                      [36m<option[39m
                        [33mvalue[39m=[32m"Delhi"[39m
                      [36m>[39m
                        [0mDelhi[0m
                      [36m</option>[39m
                      [36m<option[39m
                        [33mvalue[39m=[32m"Jammu and Kashmir"[39m
                      [36m>[39m
                        [0mJammu and Kashmir[0m
                      [36m</option>[39m
                      [36m<option[39m
                        [33mvalue[39m=[32m"Ladakh"[39m
                      [36m>[39m
                        [0mLadakh[0m
                      [36m</option>[39m
                      [36m<option[39m
                        [33mvalue[39m=[32m"Lakshadweep"[39m
                      [36m>[39m
                        [0mLakshadweep[0m
                      [36m</option>[39m
                      [36m<option[39m
                        [33mvalue[39m=[32m"Puducherry"[39m
                      [36m>[39m
                        [0mPuducherry[0m
                      [36m</option>[39m
                    [36m</select>[39m
                  [36m</div>[39m
                [36m</div>[39m
                [36m<div[39m
                  [33mclass[39m=[32m"grid grid-cols-2 gap-4"[39m
                [36m>[39m
                  [36m<div>[39m
                    [36m<label[39m
                      [33mclass[39m=[32m"block text-sm font-medium text-gray-700 mb-2"[39m
                      [33mfor[39m=[32m"zip"[39m
                    [36m>[39m
                      [0mPIN Code [0m
                      [36m<span[39m
                        [33mclass[39m=[32m"text-red-500"[39m
                      [36m>[39m
                        [0m*[0m
                      [36m</span>[39m
                    [36m</label>[39m
                    [36m<input[39m
                      [33mclass[39m=[32m"w-full px-4 py-2.5 border border-gray-300 rounded-lg focus:ring-2 focus:ring-blue-500 focus:border-transparent"[39m
                      [33mid[39m=[32m"zip"[39m
                      [33mmaxlength[39m=[32m"6"[39m
                      [33mpattern[39m=[32m"\\d{6}"[39m
                      [33mplaceholder[39m=[32m"6-digit PIN code"[39m
                      [33mrequired[39m=[32m""[39m
                      [33mtype[39m=[32m"text"[39m
                      [33mvalue[39m=[32m"12345"[39m
                    [36m/>[39m
                  [36m</div>[39m
                  [36m<div>[39m
                    [36m<label[39m
                      [33mclass[39m=[32m"block text-sm font-medium text-gray-700 mb-2"[39m
                      [33mfor[39m=[32m"country"[39m
                    [36m>[39m
                      [0mCountry[0m
                    [36m</label>[39m
                    [36m<input[39m
                      [33mclass[39m=[32m"w-full px-4 py-2.5 border border-gray-300 rounded-lg bg-gray-100 text-gray-600"[39m
                      [33mdisabled[39m=[32m""[39m
                      [33mid[39m=[32m"country"[39m
                      [33mtype[39m=[32m"text"[39m
                      [33mvalue[39m=[32m"India"[39m
                    [36m/>[39m
                  [36m</div>[39m
                [36m</div>[39m
                [36m<div[39m
                  [33mclass[39m=[32m"flex items-center pt-2"[39m
                [36m>[39m
                  [36m<input[39m
                    [33mclass[39m=[32m"h-4 w-4 text-blue-600 focus:ring-blue-500 border-gray-300 rounded"[39m
                    [33mid[39m=[32m"isDefault"[39m
                    [33mtype[39m=[32m"checkbox"[39m
                  [36m/>[39m
                  [36m<label[39m
                    [33mclass[39m=[32m"ml-2 block text-sm text-gray-900"[39m
                    [33mfor[39m=[32m"isDefault"[39m
                  [36m>[39m
                    [0mSet as default address[0m
                  [36m</label>[39m
                [36m</div>[39m
                [36m<div[39m
                  [33mclass[39m=[32m"flex items-center space-x-4 pt-4 border-t border-gray-200"[39m
                [36m>[39m
                  [36m<button[39m
                    [33mclass[39m=[32m"inline-flex font-medium text-white bg-blue py-3 px-7 rounded-md ease-out duration-200 hover:bg-blue-dark"[39m
                    [33mtype[39m=[32m"submit"[39m
                  [36m>[39m
                    [0mAdd Address[0m
                  [36m</button>[39m
                  [36m<button[39m
                    [33mclass[39m=[32m"flex-1 bg-gray-200 text-gray-700 px-6 py-3 rounded-lg font-medium hover:bg-gray-300 transition-colors"[39m
                    [33mtype[39m=[32m"button"[39m
                  [36m>[39m
                    [0mCancel[0m
                  [36m</button>[39m
                [36m</div>[39m
              [36m</form>[39m
            [36m</div>[39m
          [36m</div>[39m
        [36m</div>[39m
      [36m</body>[39m
    [36m</html>[39m

      131 |
      132 |       await waitFor(() => {
    > 133 |         expect(toast.error).toHaveBeenCalledWith('PIN code must be 6 digits');
          |                             ^
      134 |       });
      135 |     });
      136 |

      at toHaveBeenCalledWith (src/components/Checkout/__tests__/AddressFormModal.test.tsx:133:29)
      at runWithExpensiveErrorDiagnosticsDisabled (node_modules/@testing-library/dom/dist/config.js:47:12)
      at checkCallback (node_modules/@testing-library/dom/dist/wait-for.js:124:77)
      at checkRealTimersCallback (node_modules/@testing-library/dom/dist/wait-for.js:118:16)
      at Timeout.task [as _onTimeout] (node_modules/jsdom/lib/jsdom/browser/Window.js:520:19)

  ● AddressFormModal › Integration Tests › should submit form with valid data

    expect(received).toMatchObject(expected)

    - Expected  - 1
    + Received  + 0

    @@ -1,8 +1,7 @@
      Object {
        "city": "Mumbai",
    -   "country": "India",
        "isDefault": false,
        "state": "Maharashtra",
        "street": "123 Main St",
        "type": "SHIPPING",
        "zip": "400001",

      259 |       const fetchCall = (global.fetch as jest.Mock).mock.calls.find(call => call[0] === '/api/addresses');
      260 |       const body = JSON.parse(fetchCall[1].body);
    > 261 |       expect(body).toMatchObject({
          |                    ^
      262 |         street: '123 Main St',
      263 |         city: 'Mumbai',
      264 |         state: 'Maharashtra',

      at Object.toMatchObject (src/components/Checkout/__tests__/AddressFormModal.test.tsx:261:20)

  ● AddressFormModal › Integration Tests › should handle API error gracefully

    expect(jest.fn()).toHaveBeenCalledWith(...expected)

    Expected: StringContaining "Maximum 5 addresses allowed"
    Received: "Maximum 5 addresses allowed

    Manage your addresses to delete one before adding new.", {"duration": 6000}

    Number of calls: 1

    Ignored nodes: comments, script, style
    [36m<html>[39m
      [36m<head />[39m
      [36m<body>[39m
        [36m<div>[39m
          [36m<div[39m
            [33mclass[39m=[32m"fixed inset-0 bg-black bg-opacity-50 flex items-center justify-center z-50 p-4"[39m
          [36m>[39m
            [36m<div[39m
              [33mclass[39m=[32m"bg-white rounded-lg max-w-2xl w-full max-h-[90vh] overflow-y-auto"[39m
            [36m>[39m
              [36m<div[39m
                [33mclass[39m=[32m"sticky top-0 bg-white border-b border-gray-200 px-6 py-4 flex items-center justify-between"[39m
              [36m>[39m
                [36m<h2[39m
                  [33mclass[39m=[32m"text-xl font-bold text-gray-900"[39m
                [36m>[39m
                  [0mAdd New Address[0m
                [36m</h2>[39m
                [36m<button[39m
                  [33mclass[39m=[32m"text-gray-400 hover:text-gray-600 transition-colors"[39m
                [36m>[39m
                  [36m<svg[39m
                    [33mclass[39m=[32m"w-6 h-6"[39m
                    [33mfill[39m=[32m"none"[39m
                    [33mstroke[39m=[32m"currentColor"[39m
                    [33mviewBox[39m=[32m"0 0 24 24"[39m
                  [36m>[39m
                    [36m<path[39m
                      [33md[39m=[32m"M6 18L18 6M6 6l12 12"[39m
                      [33mstroke-linecap[39m=[32m"round"[39m
                      [33mstroke-linejoin[39m=[32m"round"[39m
                      [33mstroke-width[39m=[32m"2"[39m
                    [36m/>[39m
                  [36m</svg>[39m
                [36m</button>[39m
              [36m</div>[39m
              [36m<form[39m
                [33mclass[39m=[32m"p-6 space-y-4"[39m
              [36m>[39m
                [36m<div>[39m
                  [36m<label[39m
                    [33mclass[39m=[32m"block text-sm font-medium text-gray-700 mb-2"[39m
                    [33mfor[39m=[32m"street"[39m
                  [36m>[39m
                    [0mStreet Address [0m
                    [36m<span[39m
                      [33mclass[39m=[32m"text-red-500"[39m
                    [36m>[39m
                      [0m*[0m
                    [36m</span>[39m
                  [36m</label>[39m
                  [36m<input[39m
                    [33mclass[39m=[32m"w-full px-4 py-2.5 border border-gray-300 rounded-lg focus:ring-2 focus:ring-blue-500 focus:border-transparent"[39m
                    [33mid[39m=[32m"street"[39m
                    [33mplaceholder[39m=[32m"House no, Building name, Street"[39m
                    [33mrequired[39m=[32m""[39m
                    [33mtype[39m=[32m"text"[39m
                    [33mvalue[39m=[32m"123 Main St"[39m
                  [36m/>[39m
                [36m</div>[39m
                [36m<div[39m
                  [33mclass[39m=[32m"grid grid-cols-2 gap-4"[39m
                [36m>[39m
                  [36m<div>[39m
                    [36m<label[39m
                      [33mclass[39m=[32m"block text-sm font-medium text-gray-700 mb-2"[39m
                      [33mfor[39m=[32m"city"[39m
                    [36m>[39m
                      [0mCity [0m
                      [36m<span[39m
                        [33mclass[39m=[32m"text-red-500"[39m
                      [36m>[39m
                        [0m*[0m
                      [36m</span>[39m
                    [36m</label>[39m
                    [36m<input[39m
                      [33mclass[39m=[32m"w-full px-4 py-2.5 border border-gray-300 rounded-lg focus:ring-2 focus:ring-blue-500 focus:border-transparent"[39m
                      [33mid[39m=[32m"city"[39m
                      [33mrequired[39m=[32m""[39m
                      [33mtype[39m=[32m"text"[39m
                      [33mvalue[39m=[32m"Mumbai"[39m
                    [36m/>[39m
                  [36m</div>[39m
                  [36m<div>[39m
                    [36m<label[39m
                      [33mclass[39m=[32m"block text-sm font-medium text-gray-700 mb-2"[39m
                      [33mfor[39m=[32m"state"[39m
                    [36m>[39m
                      [0mState [0m
                      [36m<span[39m
                        [33mclass[39m=[32m"text-red-500"[39m
                      [36m>[39m
                        [0m*[0m
                      [36m</span>[39m
                    [36m</label>[39m
                    [36m<select[39m
                      [33mclass[39m=[32m"w-full px-4 py-2.5 border border-gray-300 rounded-lg focus:ring-2 focus:ring-blue-500 focus:border-transparent"[39m
                      [33mid[39m=[32m"state"[39m
                      [33mrequired[39m=[32m""[39m
                    [36m>[39m
                      [36m<option[39m
                        [33mvalue[39m=[32m""[39m
                      [36m>[39m
                        [0mSelect State[0m
                      [36m</option>[39m
                      [36m<option[39m
                        [33mvalue[39m=[32m"Andhra Pradesh"[39m
                      [36m>[39m
                        [0mAndhra Pradesh[0m
                      [36m</option>[39m
                      [36m<option[39m
                        [33mvalue[39m=[32m"Arunachal Pradesh"[39m
                      [36m>[39m
                        [0mArunachal Pradesh[0m
                      [36m</option>[39m
                      [36m<option[39m
                        [33mvalue[39m=[32m"Assam"[39m
                      [36m>[39m
                        [0mAssam[0m
                      [36m</option>[39m
                      [36m<option[39m
                        [33mvalue[39m=[32m"Bihar"[39m
                      [36m>[39m
                        [0mBihar[0m
                      [36m</option>[39m
                      [36m<option[39m
                        [33mvalue[39m=[32m"Chhattisgarh"[39m
                      [36m>[39m
                        [0mChhattisgarh[0m
                      [36m</option>[39m
                      [36m<option[39m
                        [33mvalue[39m=[32m"Goa"[39m
                      [36m>[39m
                        [0mGoa[0m
                      [36m</option>[39m
                      [36m<option[39m
                        [33mvalue[39m=[32m"Gujarat"[39m
                      [36m>[39m
                        [0mGujarat[0m
                      [36m</option>[39m
                      [36m<option[39m
                        [33mvalue[39m=[32m"Haryana"[39m
                      [36m>[39m
                        [0mHaryana[0m
                      [36m</option>[39m
                      [36m<option[39m
                        [33mvalue[39m=[32m"Himachal Pradesh"[39m
                      [36m>[39m
                        [0mHimachal Pradesh[0m
                      [36m</option>[39m
                      [36m<option[39m
                        [33mvalue[39m=[32m"Jharkhand"[39m
                      [36m>[39m
                        [0mJharkhand[0m
                      [36m</option>[39m
                      [36m<option[39m
                        [33mvalue[39m=[32m"Karnataka"[39m
                      [36m>[39m
                        [0mKarnataka[0m
                      [36m</option>[39m
                      [36m<option[39m
                        [33mvalue[39m=[32m"Kerala"[39m
                      [36m>[39m
                        [0mKerala[0m
                      [36m</option>[39m
                      [36m<option[39m
                        [33mvalue[39m=[32m"Madhya Pradesh"[39m
                      [36m>[39m
                        [0mMadhya Pradesh[0m
                      [36m</option>[39m
                      [36m<option[39m
                        [33mvalue[39m=[32m"Maharashtra"[39m
                      [36m>[39m
                        [0mMaharashtra[0m
                      [36m</option>[39m
                      [36m<option[39m
                        [33mvalue[39m=[32m"Manipur"[39m
                      [36m>[39m
                        [0mManipur[0m
                      [36m</option>[39m
                      [36m<option[39m
                        [33mvalue[39m=[32m"Meghalaya"[39m
                      [36m>[39m
                        [0mMeghalaya[0m
                      [36m</option>[39m
                      [36m<option[39m
                        [33mvalue[39m=[32m"Mizoram"[39m
                      [36m>[39m
                        [0mMizoram[0m
                      [36m</option>[39m
                      [36m<option[39m
                        [33mvalue[39m=[32m"Nagaland"[39m
                      [36m>[39m
                        [0mNagaland[0m
                      [36m</option>[39m
                      [36m<option[39m
                        [33mvalue[39m=[32m"Odisha"[39m
                      [36m>[39m
                        [0mOdisha[0m
                      [36m</option>[39m
                      [36m<option[39m
                        [33mvalue[39m=[32m"Punjab"[39m
                      [36m>[39m
                        [0mPunjab[0m
                      [36m</option>[39m
                      [36m<option[39m
                        [33mvalue[39m=[32m"Rajasthan"[39m
                      [36m>[39m
                        [0mRajasthan[0m
                      [36m</option>[39m
                      [36m<option[39m
                        [33mvalue[39m=[32m"Sikkim"[39m
                      [36m>[39m
                        [0mSikkim[0m
                      [36m</option>[39m
                      [36m<option[39m
                        [33mvalue[39m=[32m"Tamil Nadu"[39m
                      [36m>[39m
                        [0mTamil Nadu[0m
                      [36m</option>[39m
                      [36m<option[39m
                        [33mvalue[39m=[32m"Telangana"[39m
                      [36m>[39m
                        [0mTelangana[0m
                      [36m</option>[39m
                      [36m<option[39m
                        [33mvalue[39m=[32m"Tripura"[39m
                      [36m>[39m
                        [0mTripura[0m
                      [36m</option>[39m
                      [36m<option[39m
                        [33mvalue[39m=[32m"Uttar Pradesh"[39m
                      [36m>[39m
                        [0mUttar Pradesh[0m
                      [36m</option>[39m
                      [36m<option[39m
                        [33mvalue[39m=[32m"Uttarakhand"[39m
                      [36m>[39m
                        [0mUttarakhand[0m
                      [36m</option>[39m
                      [36m<option[39m
                        [33mvalue[39m=[32m"West Bengal"[39m
                      [36m>[39m
                        [0mWest Bengal[0m
                      [36m</option>[39m
                      [36m<option[39m
                        [33mvalue[39m=[32m"Andaman and Nicobar Islands"[39m
                      [36m>[39m
                        [0mAndaman and Nicobar Islands[0m
                      [36m</option>[39m
                      [36m<option[39m
                        [33mvalue[39m=[32m"Chandigarh"[39m
                      [36m>[39m
                        [0mChandigarh[0m
                      [36m</option>[39m
                      [36m<option[39m
                        [33mvalue[39m=[32m"Dadra and Nagar Haveli and Daman and Diu"[39m
                      [36m>[39m
                        [0mDadra and Nagar Haveli and Daman and Diu[0m
                      [36m</option>[39m
                      [36m<option[39m
                        [33mvalue[39m=[32m"Delhi"[39m
                      [36m>[39m
                        [0mDelhi[0m
                      [36m</option>[39m
                      [36m<option[39m
                        [33mvalue[39m=[32m"Jammu and Kashmir"[39m
                      [36m>[39m
                        [0mJammu and Kashmir[0m
                      [36m</option>[39m
                      [36m<option[39m
                        [33mvalue[39m=[32m"Ladakh"[39m
                      [36m>[39m
                        [0mLadakh[0m
                      [36m</option>[39m
                      [36m<option[39m
                        [33mvalue[39m=[32m"Lakshadweep"[39m
                      [36m>[39m
                        [0mLakshadweep[0m
                      [36m</option>[39m
                      [36m<option[39m
                        [33mvalue[39m=[32m"Puducherry"[39m
                      [36m>[39m
                        [0mPuducherry[0m
                      [36m</option>[39m
                    [36m</select>[39m
                  [36m</div>[39m
                [36m</div>[39m
                [36m<div[39m
                  [33mclass[39m=[32m"grid grid-cols-2 gap-4"[39m
                [36m>[39m
                  [36m<div>[39m
                    [36m<label[39m
                      [33mclass[39m=[32m"block text-sm font-medium text-gray-700 mb-2"[39m
                      [33mfor[39m=[32m"zip"[39m
                    [36m>[39m
                      [0mPIN Code [0m
                      [36m<span[39m
                        [33mclass[39m=[32m"text-red-500"[39m
                      [36m>[39m
                        [0m*[0m
                      [36m</span>[39m
                    [36m</label>[39m
                    [36m<input[39m
                      [33mclass[39m=[32m"w-full px-4 py-2.5 border border-gray-300 rounded-lg focus:ring-2 focus:ring-blue-500 focus:border-transparent"[39m
                      [33mid[39m=[32m"zip"[39m
                      [33mmaxlength[39m=[32m"6"[39m
                      [33mpattern[39m=[32m"\\d{6}"[39m
                      [33mplaceholder[39m=[32m"6-digit PIN code"[39m
                      [33mrequired[39m=[32m""[39m
                      [33mtype[39m=[32m"text"[39m
                      [33mvalue[39m=[32m"400001"[39m
                    [36m/>[39m
                  [36m</div>[39m
                  [36m<div>[39m
                    [36m<label[39m
                      [33mclass[39m=[32m"block text-sm font-medium text-gray-700 mb-2"[39m
                      [33mfor[39m=[32m"country"[39m
                    [36m>[39m
                      [0mCountry[0m
                    [36m</label>[39m
                    [36m<input[39m
                      [33mclass[39m=[32m"w-full px-4 py-2.5 border border-gray-300 rounded-lg bg-gray-100 text-gray-600"[39m
                      [33mdisabled[39m=[32m""[39m
                      [33mid[39m=[32m"country"[39m
                      [33mtype[39m=[32m"text"[39m
                      [33mvalue[39m=[32m"India"[39m
                    [36m/>[39m
                  [36m</div>[39m
                [36m</div>[39m
                [36m<div[39m
                  [33mclass[39m=[32m"flex items-center pt-2"[39m
                [36m>[39m
                  [36m<input[39m
                    [33mclass[39m=[32m"h-4 w-4 text-blue-600 focus:ring-blue-500 border-gray-300 rounded"[39m
                    [33mid[39m=[32m"isDefault"[39m
                    [33mtype[39m=[32m"checkbox"[39m
                  [36m/>[39m
                  [36m<label[39m
                    [33mclass[39m=[32m"ml-2 block text-sm text-gray-900"[39m
                    [33mfor[39m=[32m"isDefault"[39m
                  [36m>[39m
                    [0mSet as default address[0m
                  [36m</label>[39m
                [36m</div>[39m
                [36m<div[39m
                  [33mclass[39m=[32m"flex items-center space-x-4 pt-4 border-t border-gray-200"[39m
                [36m>[39m
                  [36m<button[39m
                    [33mclass[39m=[32m"inline-flex font-medium text-white bg-blue py-3 px-7 rounded-md ease-out duration-200 hover:bg-blue-dark"[39m
                    [33mtype[39m=[32m"submit"[39m
                  [36m>[39m
                    [0mAdd Address[0m
                  [36m</button>[39m
                  [36m<button[39m
                    [33mclass[39m=[32m"flex-1 bg-gray-200 text-gray-700 px-6 py-3 rounded-lg font-medium hover:bg-gray-300 transition-colors"[39m
                    [33mtype[39m=[32m"button"[39m
                  [36m>[39m
                    [0mCancel[0m
                  [36m</button>[39m
                [36m</div>[39m
              [36m</form>[39m
            [36m</div>[39m
          [36m</div>[39m
        [36m</div>[39m
      [36m</body>[39m
    [36m</html>[39m

      302 |
      303 |       await waitFor(() => {
    > 304 |         expect(toastErrorSpy).toHaveBeenCalledWith(expect.stringContaining('Maximum 5 addresses allowed'));
          |                               ^
      305 |       });
      306 |
      307 |       expect(mockOnSuccess).not.toHaveBeenCalled();

      at toHaveBeenCalledWith (src/components/Checkout/__tests__/AddressFormModal.test.tsx:304:31)
      at runWithExpensiveErrorDiagnosticsDisabled (node_modules/@testing-library/dom/dist/config.js:47:12)
      at checkCallback (node_modules/@testing-library/dom/dist/wait-for.js:124:77)
      at checkRealTimersCallback (node_modules/@testing-library/dom/dist/wait-for.js:118:16)
      at Timeout.task [as _onTimeout] (node_modules/jsdom/lib/jsdom/browser/Window.js:520:19)

Test Suites: 1 failed, 1 total
Tests:       5 failed, 18 passed, 23 total
Snapshots:   0 total
Time:        3.731 s, estimated 4 s
Ran all test suites matching /src\/components\/Checkout\/__tests__\/AddressFormModal.test.tsx/i.
